ARM Linker, 4.1 [Build 894] [Standard]

==============================================================================

Section Cross References

    startup.o(STACK) refers (Special) to heapauxi.o(.text) for __use_two_region_memory
    startup.o(HEAP) refers (Special) to heapauxi.o(.text) for __use_two_region_memory
    startup.o(RESET) refers (Special) to heapauxi.o(.text) for __use_two_region_memory
    startup.o(RESET) refers to startup.o(STACK) for Stack_Top
    startup.o(RESET) refers to __main.o(!!!main) for __main
    startup.o(.text) refers (Special) to heapauxi.o(.text) for __use_two_region_memory
    startup.o(.text) refers to startup.o(HEAP) for Heap_Mem
    startup.o(.text) refers to startup.o(STACK) for Stack_Mem
    main.o(.text) refers (Special) to use_no_semi.o(.text) for __use_no_semihosting_swi
    main.o(.text) refers to _printf_pad.o(.text) for _printf_pre_padding
    main.o(.text) refers to _printf_percent.o(.ARM.Collect$$_printf_percent$$00000000) for _printf_percent
    main.o(.text) refers to _printf_d.o(.ARM.Collect$$_printf_percent$$00000009) for _printf_d
    main.o(.text) refers to _printf_dec.o(.text) for _printf_int_dec
    main.o(.text) refers to strlen.o(.text) for strlen
    main.o(.text) refers to dflt_noclz.o(x$fpl$dflt) for __aeabi_i2d
    main.o(.text) refers to pow.o(i.pow) for pow
    main.o(.text) refers to daddsub_noclz.o(x$fpl$dadd) for __aeabi_dadd
    main.o(.text) refers to sqrt.o(i.sqrt) for sqrt
    main.o(.text) refers to ddiv.o(x$fpl$ddiv) for __aeabi_ddiv
    main.o(.text) refers to daddsub_noclz.o(x$fpl$drsb) for __aeabi_drsub
    main.o(.text) refers to deqf.o(x$fpl$deqf) for __aeabi_cdcmpeq
    main.o(.text) refers to main.o(.data) for I2C_sla
    main.o(.text) refers to aeabi_sdiv.o(.text_udiv) for __aeabi_uidivmod
    main.o(.text) refers to atoi.o(.text) for atoi
    main.o(.text) refers to dflt_noclz.o(x$fpl$dfltu) for __aeabi_ui2d
    main.o(.text) refers to dfixu.o(x$fpl$dfixu) for __aeabi_d2uiz
    main.o(.text) refers to daddsub_noclz.o(x$fpl$dsub) for __aeabi_dsub
    main.o(.text) refers to dmul.o(x$fpl$dmul) for __aeabi_dmul
    main.o(.text) refers to noretval__2sprintf.o(.text) for __2sprintf
    main.o(.text) refers to dfix.o(x$fpl$dfix) for __aeabi_d2iz
    main.o(.bss) refers (Special) to use_no_semi.o(.text) for __use_no_semihosting_swi
    main.o(.constdata) refers (Special) to use_no_semi.o(.text) for __use_no_semihosting_swi
    main.o(.data) refers (Special) to use_no_semi.o(.text) for __use_no_semihosting_swi
    __2sprintf.o(.text) refers to _printf_char_common.o(.text) for _printf_char_common
    __2sprintf.o(.text) refers to _sputc.o(.text) for _sputc
    noretval__2sprintf.o(.text) refers to _printf_char_common.o(.text) for _printf_char_common
    noretval__2sprintf.o(.text) refers to _sputc.o(.text) for _sputc
    __printf.o(.text) refers to __printf.o(i.__ARM_common_call_via_r1) for __ARM_common_call_via_r1
    __printf.o(.text) refers to _printf_percent.o(.ARM.Collect$$_printf_percent$$00000000) for _printf_percent
    __printf.o(.text) refers to __printf.o(i.__ARM_common_call_via_r2) for __ARM_common_call_via_r2
    _printf_pad.o(.text) refers to __printf.o(i.__ARM_common_call_via_r2) for __ARM_common_call_via_r2
    _printf_dec.o(.text) refers to rtudiv10.o(.text) for __rt_udiv10
    _printf_dec.o(.text) refers to _printf_intcommon.o(.text) for _printf_int_common
    __printf_flags.o(.text) refers to __printf.o(i.__ARM_common_call_via_r1) for __ARM_common_call_via_r1
    __printf_flags.o(.text) refers to _printf_percent.o(.ARM.Collect$$_printf_percent$$00000000) for _printf_percent
    __printf_flags.o(.text) refers to __printf.o(i.__ARM_common_call_via_r2) for __ARM_common_call_via_r2
    __printf_flags.o(.text) refers to __printf_flags.o(.constdata) for .constdata
    __printf_ss.o(.text) refers to __printf.o(i.__ARM_common_call_via_r1) for __ARM_common_call_via_r1
    __printf_ss.o(.text) refers to _printf_percent.o(.ARM.Collect$$_printf_percent$$00000000) for _printf_percent
    __printf_ss.o(.text) refers to __printf.o(i.__ARM_common_call_via_r2) for __ARM_common_call_via_r2
    __printf_flags_ss.o(.text) refers to __printf.o(i.__ARM_common_call_via_r1) for __ARM_common_call_via_r1
    __printf_flags_ss.o(.text) refers to _printf_percent.o(.ARM.Collect$$_printf_percent$$00000000) for _printf_percent
    __printf_flags_ss.o(.text) refers to __printf.o(i.__ARM_common_call_via_r2) for __ARM_common_call_via_r2
    __printf_flags_ss.o(.text) refers to __printf_flags_ss.o(.constdata) for .constdata
    __printf_wp.o(.text) refers to __printf.o(i.__ARM_common_call_via_r1) for __ARM_common_call_via_r1
    __printf_wp.o(.text) refers to __printf_wp.o(i._is_digit) for _is_digit
    __printf_wp.o(.text) refers to _printf_percent.o(.ARM.Collect$$_printf_percent$$00000000) for _printf_percent
[...]
    sqrt_x.o(i.__sqrt$lsc) refers (Special) to usenofp.o(x$fpl$usenofp) for __I$use$fp
    sqrt_x.o(i.__sqrt$lsc) refers to dleqf.o(x$fpl$dleqf) for __aeabi_cdcmple
    sqrt_x.o(i.__sqrt$lsc) refers to _rserrno.o(.text) for __set_errno
    sqrt_x.o(i.__sqrt$lsc) refers to dsqrt_noumaal.o(x$fpl$dsqrt) for _dsqrt
    rtentry.o(.ARM.Collect$$rtentry$$00000000) refers (Special) to rtentry2.o(.ARM.Collect$$rtentry$$0000000A) for __rt_entry_li
    rtentry.o(.ARM.Collect$$rtentry$$00000000) refers (Special) to rtentry2.o(.ARM.Collect$$rtentry$$0000000D) for __rt_entry_main
    rtentry.o(.ARM.Collect$$rtentry$$00000000) refers (Special) to rtentry2.o(.ARM.Collect$$rtentry$$0000000C) for __rt_entry_postli_1
    rtentry.o(.ARM.Collect$$rtentry$$00000000) refers (Special) to rtentry2.o(.ARM.Collect$$rtentry$$00000009) for __rt_entry_postsh_1
    rtentry.o(.ARM.Collect$$rtentry$$00000000) refers (Special) to rtentry2.o(.ARM.Collect$$rtentry$$00000002) for __rt_entry_presh_1
    rtentry.o(.ARM.Collect$$rtentry$$00000000) refers (Special) to rtentry4.o(.ARM.Collect$$rtentry$$00000004) for __rt_entry_sh
    aeabi_idiv0_sigfpe.o(.text) refers to main.o(.text) for __rt_div0
    rt_errno_addr.o(.text) refers to rt_errno_addr.o(.bss) for __aeabi_errno_addr_data
    rt_errno_addr_intlibspace.o(.text) refers to libspace.o(.bss) for __libspace_start
    _rserrno.o(.text) refers to rt_errno_addr_intlibspace.o(.text) for __aeabi_errno_addr
    _printf_intcommon.o(.text) refers (Weak) to _printf_pad.o(.text) for _printf_pre_padding
    _printf_intcommon.o(.text) refers to __printf.o(i.__ARM_common_call_via_r2) for __ARM_common_call_via_r2
    _printf_intcommon.o(.text) refers (Weak) to _printf_pad.o(.text) for _printf_pre_padding
    _printf_intcommon.o(.text) refers (Weak) to _printf_pad.o(.text) for _printf_post_padding
    _printf_char_common.o(.text) refers to __printf_wp.o(.text) for __printf
    strtol.o(.text) refers to rt_ctype_table.o(.text) for __rt_ctype_table
    strtol.o(.text) refers to _strtoul.o(.text) for _strtoul
    strtol.o(.text) refers to rt_errno_addr_intlibspace.o(.text) for __aeabi_errno_addr
    dcmpi.o(x$fpl$dcmpinf) refers (Special) to usenofp.o(x$fpl$usenofp) for __I$use$fp
    dleqf.o(x$fpl$dleqf) refers (Special) to usenofp.o(x$fpl$usenofp) for __I$use$fp
    dleqf.o(x$fpl$dleqf) refers to dnaninf.o(x$fpl$dnaninf) for __fpl_dnaninf
    dleqf.o(x$fpl$dleqf) refers to dcmpi.o(x$fpl$dcmpinf) for __fpl_dcmp_Inf
    dnaninf.o(x$fpl$dnaninf) refers (Special) to usenofp.o(x$fpl$usenofp) for __I$use$fp
    dretinf.o(x$fpl$dretinf) refers (Special) to usenofp.o(x$fpl$usenofp) for __I$use$fp
    drleqf.o(x$fpl$drleqf) refers (Special) to usenofp.o(x$fpl$usenofp) for __I$use$fp
    drleqf.o(x$fpl$drleqf) refers to dleqf.o(x$fpl$dleqf) for __fpl_dcmple_InfNaN
    dsqrt_noumaal.o(x$fpl$dsqrt) refers (Special) to usenofp.o(x$fpl$usenofp) for __I$use$fp
    dsqrt_noumaal.o(x$fpl$dsqrt) refers to dnaninf.o(x$fpl$dnaninf) for __fpl_dnaninf
    scalbn.o(x$fpl$scalbn) refers (Special) to usenofp.o(x$fpl$usenofp) for __I$use$fp
    scalbn.o(x$fpl$scalbn) refers to dcheck1.o(x$fpl$dcheck1) for __fpl_dcheck_NaN1
    dunder.o(i.__mathlib_dbl_underflow) refers to scalbn.o(x$fpl$scalbn) for __ARM_scalbn
    fpclassify.o(i.__ARM_fpclassify) refers (Special) to usenofp.o(x$fpl$usenofp) for __I$use$fp
    poly.o(i.__kernel_poly) refers (Special) to usenofp.o(x$fpl$usenofp) for __I$use$fp
    poly.o(i.__kernel_poly) refers to dmul.o(x$fpl$dmul) for __aeabi_dmul
    poly.o(i.__kernel_poly) refers to daddsub_noclz.o(x$fpl$dadd) for __aeabi_dadd
    qnan.o(.constdata) refers (Special) to usenofp.o(x$fpl$usenofp) for __I$use$fp
    libspace.o(.text) refers to libspace.o(.bss) for __libspace_start
    rtentry2.o(.ARM.Collect$$rtentry$$00000008) refers to boardinit2.o(.text) for _platform_post_stackheap_init
    rtentry2.o(.ARM.Collect$$rtentry$$0000000A) refers to libinit.o(.ARM.Collect$$libinit$$00000000) for __rt_lib_init
    rtentry2.o(.ARM.Collect$$rtentry$$0000000B) refers to boardinit3.o(.text) for _platform_post_lib_init
    rtentry2.o(.ARM.Collect$$rtentry$$0000000D) refers to exit.o(.text) for exit
    rtentry2.o(.ARM.Collect$$rtentry$$0000000D) refers to main.o(.text) for main
    rtentry2.o(.ARM.exidx) refers to rtentry2.o(.ARM.Collect$$rtentry$$00000001) for .ARM.Collect$$rtentry$$00000001
    rtentry2.o(.ARM.exidx) refers to rtentry2.o(.ARM.Collect$$rtentry$$00000008) for .ARM.Collect$$rtentry$$00000008
    rtentry2.o(.ARM.exidx) refers to rtentry2.o(.ARM.Collect$$rtentry$$0000000A) for .ARM.Collect$$rtentry$$0000000A
    rtentry2.o(.ARM.exidx) refers to rtentry2.o(.ARM.Collect$$rtentry$$0000000B) for .ARM.Collect$$rtentry$$0000000B
    rtentry2.o(.ARM.exidx) refers to rtentry2.o(.ARM.Collect$$rtentry$$0000000D) for .ARM.Collect$$rtentry$$0000000D
    rtentry4.o(.ARM.Collect$$rtentry$$00000004) refers to sys_stackheap_outer.o(.text) for __user_setup_stackheap
    rtentry4.o(.ARM.exidx) refers to rtentry4.o(.ARM.Collect$$rtentry$$00000004) for .ARM.Collect$$rtentry$$00000004
    rt_ctype_table.o(.text) refers to rt_locale_intlibspace.o(.text) for __rt_locale
    rt_ctype_table.o(.text) refers to lc_ctype_c.o(locale$$code) for _get_lc_ctype
    __printf_nopercent.o(.text) refers to __printf_nopercent.o(i.__ARM_common_call_via_r7) for __ARM_common_call_via_r7
    __printf_nopercent.o(.text) refers to __printf_nopercent.o(i.__ARM_common_call_via_r5) for __ARM_common_call_via_r5
    _strtoul.o(.text) refers to _chval.o(.text) for _chval
    _strtoul.o(.text) refers to rt_errno_addr_intlibspace.o(.text) for __aeabi_errno_addr
    dcheck1.o(x$fpl$dcheck1) refers (Special) to usenofp.o(x$fpl$usenofp) for __I$use$fp
    dcheck1.o(x$fpl$dcheck1) refers to retnan.o(x$fpl$retnan) for __fpl_return_NaN
    sys_stackheap_outer.o(.text) refers to libspace.o(.text) for __user_perproc_libspace
    sys_stackheap_outer.o(.text) refers to startup.o(.text) for __user_initial_stackheap
    rt_locale.o(.text) refers to rt_locale.o(.bss) for __rt_locale_data
    rt_locale_intlibspace.o(.text) refers to libspace.o(.bss) for __libspace_start
    lc_ctype_c.o(locale$$data) refers (Special) to libinit2.o(.ARM.Collect$$libinit$$0000000E) for __rt_lib_init_lc_ctype_2
    lc_ctype_c.o(locale$$code) refers (Special) to libinit2.o(.ARM.Collect$$libinit$$0000000E) for __rt_lib_init_lc_ctype_2
    lc_ctype_c.o(locale$$code) refers to strcmp.o(.text) for strcmp
    lc_ctype_c.o(locale$$code) refers to lc_ctype_c.o(locale$$data) for __lcctype_c_name
    exit.o(.text) refers to rtexit.o(.ARM.Collect$$rtexit$$00000000) for __rt_exit
    libinit.o(.ARM.Collect$$libinit$$00000000) refers (Special) to libinit2.o(.ARM.Collect$$libinit$$0000002A) for __rt_lib_init_alloca_1
    libinit.o(.ARM.Collect$$libinit$$00000000) refers (Special) to libinit2.o(.ARM.Collect$$libinit$$00000028) for __rt_lib_init_argv_1
    libinit.o(.ARM.Collect$$libinit$$00000000) refers (Special) to libinit2.o(.ARM.Collect$$libinit$$00000017) for __rt_lib_init_atexit_1
    libinit.o(.ARM.Collect$$libinit$$00000000) refers (Special) to libinit2.o(.ARM.Collect$$libinit$$0000001D) for __rt_lib_init_clock_1
    libinit.o(.ARM.Collect$$libinit$$00000000) refers (Special) to libinit2.o(.ARM.Collect$$libinit$$0000002E) for __rt_lib_init_cpp_1
    libinit.o(.ARM.Collect$$libinit$$00000000) refers (Special) to libinit2.o(.ARM.Collect$$libinit$$0000002C) for __rt_lib_init_exceptions_1
    libinit.o(.ARM.Collect$$libinit$$00000000) refers (Special) to libinit2.o(.ARM.Collect$$libinit$$0000001B) for __rt_lib_init_fp_trap_1
    libinit.o(.ARM.Collect$$libinit$$00000000) refers (Special) to libinit2.o(.ARM.Collect$$libinit$$0000001F) for __rt_lib_init_getenv_1
    libinit.o(.ARM.Collect$$libinit$$00000000) refers (Special) to libinit2.o(.ARM.Collect$$libinit$$00000006) for __rt_lib_init_heap_1
    libinit.o(.ARM.Collect$$libinit$$00000000) refers (Special) to libinit2.o(.ARM.Collect$$libinit$$0000000D) for __rt_lib_init_lc_collate_1
    libinit.o(.ARM.Collect$$libinit$$00000000) refers (Special) to libinit2.o(.ARM.Collect$$libinit$$0000000F) for __rt_lib_init_lc_ctype_1
    libinit.o(.ARM.Collect$$libinit$$00000000) refers (Special) to libinit2.o(.ARM.Collect$$libinit$$00000011) for __rt_lib_init_lc_monetary_1
    libinit.o(.ARM.Collect$$libinit$$00000000) refers (Special) to libinit2.o(.ARM.Collect$$libinit$$00000013) for __rt_lib_init_lc_numeric_1
    libinit.o(.ARM.Collect$$libinit$$00000000) refers (Special) to libinit2.o(.ARM.Collect$$libinit$$00000015) for __rt_lib_init_lc_time_1
    libinit.o(.ARM.Collect$$libinit$$00000000) refers (Special) to libinit2.o(.ARM.Collect$$libinit$$0000000A) for __rt_lib_init_rand_1
    libinit.o(.ARM.Collect$$libinit$$00000000) refers (Special) to libinit2.o(.ARM.Collect$$libinit$$0000002F) for __rt_lib_init_return
    libinit.o(.ARM.Collect$$libinit$$00000000) refers (Special) to libinit2.o(.ARM.Collect$$libinit$$00000019) for __rt_lib_init_signal_1
    libinit.o(.ARM.Collect$$libinit$$00000000) refers (Special) to libinit2.o(.ARM.Collect$$libinit$$00000021) for __rt_lib_init_stdio_1
    libinit.o(.ARM.Collect$$libinit$$00000000) refers (Special) to libinit2.o(.ARM.Collect$$libinit$$00000008) for __rt_lib_init_user_alloc_1
    libinit.o(.ARM.Collect$$libinit$$00000000) refers to fpinit.o(x$fpl$fpinit) for _fp_init
    retnan.o(x$fpl$retnan) refers (Special) to usenofp.o(x$fpl$usenofp) for __I$use$fp
    retnan.o(x$fpl$retnan) refers to trapv.o(x$fpl$trapveneer) for __fpl_cmpreturn
    rtexit.o(.ARM.Collect$$rtexit$$00000000) refers (Special) to rtexit2.o(.ARM.Collect$$rtexit$$00000004) for __rt_exit_exit
    rtexit.o(.ARM.Collect$$rtexit$$00000000) refers (Special) to rtexit2.o(.ARM.Collect$$rtexit$$00000003) for __rt_exit_ls
    rtexit.o(.ARM.Collect$$rtexit$$00000000) refers (Special) to rtexit2.o(.ARM.Collect$$rtexit$$00000002) for __rt_exit_prels_1
    rtexit.o(.ARM.exidx) refers (Special) to rtexit2.o(.ARM.Collect$$rtexit$$00000004) for __rt_exit_exit
    rtexit.o(.ARM.exidx) refers (Special) to rtexit2.o(.ARM.Collect$$rtexit$$00000003) for __rt_exit_ls
    rtexit.o(.ARM.exidx) refers (Special) to rtexit2.o(.ARM.Collect$$rtexit$$00000002) for __rt_exit_prels_1
    rtexit.o(.ARM.exidx) refers to rtexit.o(.ARM.Collect$$rtexit$$00000000) for .ARM.Collect$$rtexit$$00000000
    libinit2.o(.ARM.Collect$$libinit$$0000000B) refers (Weak) to rt_locale_intlibspace.o(.text) for __rt_locale
    libinit2.o(.ARM.Collect$$libinit$$0000000C) refers to libinit2.o(.ARM.Collect$$libinit$$0000000B) for .ARM.Collect$$libinit$$0000000B
    libinit2.o(.ARM.Collect$$libinit$$0000000E) refers to libinit2.o(.ARM.Collect$$libinit$$0000000B) for .ARM.Collect$$libinit$$0000000B
    libinit2.o(.ARM.Collect$$libinit$$0000000E) refers (Weak) to lc_ctype_c.o(locale$$code) for _get_lc_ctype
    libinit2.o(.ARM.Collect$$libinit$$00000010) refers to libinit2.o(.ARM.Collect$$libinit$$0000000B) for .ARM.Collect$$libinit$$0000000B
    libinit2.o(.ARM.Collect$$libinit$$00000012) refers to libinit2.o(.ARM.Collect$$libinit$$0000000B) for .ARM.Collect$$libinit$$0000000B
    libinit2.o(.ARM.Collect$$libinit$$00000014) refers to libinit2.o(.ARM.Collect$$libinit$$0000000B) for .ARM.Collect$$libinit$$0000000B
    libinit2.o(.ARM.Collect$$libinit$$00000022) refers to argv_veneer.o(.emb_text) for __ARM_argv_veneer
    libinit2.o(.ARM.Collect$$libinit$$00000023) refers to argv_veneer.o(.emb_text) for __ARM_argv_veneer
    fpinit.o(x$fpl$fpinit) refers to rt_fp_status_addr_intlibspace.o(.text) for __rt_fp_status_addr
    trapv.o(x$fpl$trapveneer) refers (Special) to usenofp.o(x$fpl$usenofp) for __I$use$fp
    rtexit2.o(.ARM.Collect$$rtexit$$00000003) refers to libshutdown.o(.ARM.Collect$$libshutdown$$00000000) for __rt_lib_shutdown
    rtexit2.o(.ARM.Collect$$rtexit$$00000004) refers to main.o(.text) for _sys_exit
    rtexit2.o(.ARM.exidx) refers to rtexit2.o(.ARM.Collect$$rtexit$$00000001) for .ARM.Collect$$rtexit$$00000001
    rtexit2.o(.ARM.exidx) refers to rtexit2.o(.ARM.Collect$$rtexit$$00000003) for .ARM.Collect$$rtexit$$00000003
    rtexit2.o(.ARM.exidx) refers to rtexit2.o(.ARM.Collect$$rtexit$$00000004) for .ARM.Collect$$rtexit$$00000004
    rt_fp_status_addr.o(.text) refers to rt_fp_status_addr.o(.bss) for __rt_fp_status_addr_data
    rt_fp_status_addr_intlibspace.o(.text) refers to libspace.o(.bss) for __libspace_start
    argv_veneer.o(.emb_text) refers to no_argv.o(.text) for __ARM_get_argv
    _get_argv_nomalloc.o(.text) refers (Special) to hrguard.o(.text) for __heap_region$guard
    _get_argv_nomalloc.o(.text) refers to defsig_rtmem_outer.o(.text) for __rt_SIGRTMEM
    _get_argv_nomalloc.o(.text) refers to main.o(.text) for _sys_command_string
    libshutdown.o(.ARM.Collect$$libshutdown$$00000000) refers (Special) to libshutdown2.o(.ARM.Collect$$libshutdown$$00000006) for __rt_lib_shutdown_fp_trap_1
    libshutdown.o(.ARM.Collect$$libshutdown$$00000000) refers (Special) to libshutdown2.o(.ARM.Collect$$libshutdown$$0000000E) for __rt_lib_shutdown_heap_1
    libshutdown.o(.ARM.Collect$$libshutdown$$00000000) refers (Special) to libshutdown2.o(.ARM.Collect$$libshutdown$$0000000F) for __rt_lib_shutdown_return
    libshutdown.o(.ARM.Collect$$libshutdown$$00000000) refers (Special) to libshutdown2.o(.ARM.Collect$$libshutdown$$00000009) for __rt_lib_shutdown_signal_1
    libshutdown.o(.ARM.Collect$$libshutdown$$00000000) refers (Special) to libshutdown2.o(.ARM.Collect$$libshutdown$$00000003) for __rt_lib_shutdown_stdio_1
    libshutdown.o(.ARM.Collect$$libshutdown$$00000000) refers (Special) to libshutdown2.o(.ARM.Collect$$libshutdown$$0000000B) for __rt_lib_shutdown_user_alloc_1
    defsig_rtmem_outer.o(.text) refers to defsig_rtmem_inner.o(.text) for __rt_SIGRTMEM_inner
    defsig_rtmem_outer.o(.text) refers to defsig_exit.o(.text) for __sig_exit
    defsig_rtmem_formal.o(.text) refers to rt_raise.o(.text) for __rt_raise
    rt_raise.o(.text) refers to __raise.o(.text) for __raise
    rt_raise.o(.text) refers to main.o(.text) for _sys_exit
    defsig_exit.o(.text) refers to main.o(.text) for _sys_exit
    defsig_rtmem_inner.o(.text) refers to defsig_general.o(.text) for __default_signal_display
    __raise.o(.text) refers to __printf.o(i.__ARM_common_call_via_r2) for __ARM_common_call_via_r2
    __raise.o(.text) refers to defsig.o(CL$$defsig) for __default_signal_handler
    defsig_general.o(.text) refers to main.o(.text) for _ttywrch
    defsig.o(CL$$defsig) refers to defsig_rtmem_inner.o(.text) for __rt_SIGRTMEM_inner
    defsig_abrt_inner.o(.text) refers to defsig_general.o(.text) for __default_signal_display
    defsig_fpe_inner.o(.text) refers to defsig_general.o(.text) for __default_signal_display
    defsig_rtred_inner.o(.text) refers to defsig_general.o(.text) for __default_signal_display
    defsig_stak_inner.o(.text) refers to defsig_general.o(.text) for __default_signal_display
    defsig_pvfn_inner.o(.text) refers to defsig_general.o(.text) for __default_signal_display
    defsig_cppl_inner.o(.text) refers to defsig_general.o(.text) for __default_signal_display
    defsig_segv_inner.o(.text) refers to defsig_general.o(.text) for __default_signal_display
    defsig_other.o(.text) refers to defsig_general.o(.text) for __default_signal_display


==============================================================================

Removing Unused input sections from the image.

    Removing main.o(.bss), (200 bytes).
    Removing main.o(.constdata), (72 bytes).

2 unused section(s) (total 272 bytes) removed from the image.

==============================================================================

Adding Veneers to the image

    Adding TA veneer (4 bytes, Inline) for call to '_printf_percent' from __printf_wp.o(.text).
    Adding AT veneer (8 bytes, Inline) for call to '__rt_lib_init' from rtentry2.o(.ARM.Collect$$rtentry$$0000000A).
    Adding AT veneer (8 bytes, Inline) for call to '__rt_lib_shutdown' from rtexit2.o(.ARM.Collect$$rtexit$$00000003).
    Adding TA veneer (4 bytes, Inline) for call to '__rt_exit' from exit.o(.text).
    Adding AT veneer (8 bytes, Inline) for call to '__2sprintf' from main.o(.text).
    Adding AT veneer (8 bytes, Inline) for call to '_printf_int_dec' from _printf_d.o(.ARM.Collect$$_printf_percent$$00000009).
    Adding AT veneer (8 bytes, Inline) for call to 'atoi' from main.o(.text).
    Adding AT veneer (8 bytes, Inline) for call to 'strlen' from main.o(.text).
    Adding TA veneer (4 bytes, Inline) for call to '__aeabi_errno_addr' from atoi.o(.text).
    Adding AT veneer (8 bytes, Inline) for call to '__set_errno' from pow.o(i.pow).
    Adding TA veneer (4 bytes, Inline) for call to '__rt_udiv10' from _printf_dec.o(.text).
    Adding TA veneer (4 bytes, Inline) for call to '__rt_ctype_table' from strtol.o(.text).
    Adding TA veneer (4 bytes, Inline) for call to '__rt_locale' from libinit2.o(.ARM.Collect$$libinit$$0000000B).
    Adding TA veneer (4 bytes, Inline) for call to '_get_lc_ctype' from libinit2.o(.ARM.Collect$$libinit$$0000000E).
    Adding TA veneer (4 bytes, Inline) for call to '_fp_init' from libinit.o(.ARM.Collect$$libinit$$00000000).

15 Veneer(s) (total 88 bytes) added to the image.

==============================================================================

Image Symbol Table

    Local Symbols

    Symbol Name                              Value     Ov Type        Size  Object(Section)

    RESET                                    0x00000000   Section      272  startup.o(RESET)
    ../../angel/boardlib.s                   0x00000000   Number         0  boardshut.o ABSOLUTE
    ../../angel/boardlib.s                   0x00000000   Number         0  boardinit2.o ABSOLUTE
    ../../angel/boardlib.s                   0x00000000   Number         0  boardinit1.o ABSOLUTE
    ../../angel/boardlib.s                   0x00000000   Number         0  boardinit3.o ABSOLUTE
    ../../angel/handlers.s                   0x00000000   Number         0  __scatter_copy.o ABSOLUTE
    ../../angel/handlers.s                   0x00000000   Number         0  __scatter_zi.o ABSOLUTE
    ../../angel/kernel.s                     0x00000000   Number         0  rtentry.o ABSOLUTE
    ../../angel/kernel.s                     0x00000000   Number         0  rtentry2.o ABSOLUTE
    ../../angel/kernel.s                     0x00000000   Number         0  rtentry4.o ABSOLUTE
    ../../angel/kernel.s                     0x00000000   Number         0  rtexit2.o ABSOLUTE
    ../../angel/kernel.s                     0x00000000   Number         0  rtexit.o ABSOLUTE
    ../../angel/rt.s                         0x00000000   Number         0  rt_locale_intlibspace.o ABSOLUTE
    ../../angel/rt.s                         0x00000000   Number         0  rt_errno_addr.o ABSOLUTE
    ../../angel/rt.s                         0x00000000   Number         0  rt_ctype_table.o ABSOLUTE
    ../../angel/rt.s                         0x00000000   Number         0  rt_fp_status_addr_intlibspace.o ABSOLUTE
    ../../angel/rt.s                         0x00000000   Number         0  rt_fp_status_addr.o ABSOLUTE
    ../../angel/rt.s                         0x00000000   Number         0  rt_errno_addr_intlibspace.o ABSOLUTE
    ../../angel/rt.s                         0x00000000   Number         0  aeabi_idiv0_sigfpe.o ABSOLUTE
    ../../angel/rt.s                         0x00000000   Number         0  aeabi_idiv0.o ABSOLUTE
    ../../angel/rt.s                         0x00000000   Number         0  rt_raise.o ABSOLUTE
    ../../angel/rt.s                         0x00000000   Number         0  rt_locale.o ABSOLUTE
    ../../angel/scatter.s                    0x00000000   Number         0  __scatter.o ABSOLUTE
    ../../angel/startup.s                    0x00000000   Number         0  __main.o ABSOLUTE
    ../../angel/sys.s                        0x00000000   Number         0  sys_stackheap_outer.o ABSOLUTE
    ../../angel/sys.s                        0x00000000   Number         0  use_no_semi.o ABSOLUTE
    ../../angel/sys.s                        0x00000000   Number         0  libspace.o ABSOLUTE
    ../../armsys.c                           0x00000000   Number         0  argv_veneer.o ABSOLUTE
    ../../armsys.c                           0x00000000   Number         0  _get_argv_nomalloc.o ABSOLUTE
    ../../armsys.c                           0x00000000   Number         0  argv_veneer.o ABSOLUTE
    ../../armsys.c                           0x00000000   Number         0  no_argv.o ABSOLUTE
    ../../daddsub.s                          0x00000000   Number         0  daddsub_noclz.o ABSOLUTE
    ../../dcheck1.s                          0x00000000   Number         0  dcheck1.o ABSOLUTE
    ../../dcmpi.s                            0x00000000   Number         0  dcmpi.o ABSOLUTE
    ../../ddiv.s                             0x00000000   Number         0  ddiv.o ABSOLUTE
    ../../deqf.s                             0x00000000   Number         0  deqf.o ABSOLUTE
    ../../dfix.s                             0x00000000   Number         0  dfix.o ABSOLUTE
    ../../dfixu.s                            0x00000000   Number         0  dfixu.o ABSOLUTE
    ../../dflt.s                             0x00000000   Number         0  dflt_noclz.o ABSOLUTE
    ../../division.s                         0x00000000   Number         0  aeabi_sdiv.o ABSOLUTE
    ../../division.s                         0x00000000   Number         0  rtudiv10.o ABSOLUTE
    ../../division.s                         0x00000000   Number         0  aeabi_sdiv_div0.o ABSOLUTE
    ../../divrt.s                            0x00000000   Number         0  divrt_7tdmi.o ABSOLUTE
    ../../divrt.s                            0x00000000   Number         0  divrt_7tdmi_div0.o ABSOLUTE
    ../../dleqf.s                            0x00000000   Number         0  dleqf.o ABSOLUTE
    ../../dmul.s                             0x00000000   Number         0  dmul.o ABSOLUTE
    ../../dnaninf.s                          0x00000000   Number         0  dnaninf.o ABSOLUTE
    ../../dretinf.s                          0x00000000   Number         0  dretinf.o ABSOLUTE
    ../../drleqf.s                           0x00000000   Number         0  drleqf.o ABSOLUTE
    ../../dsqrt.s                            0x00000000   Number         0  dsqrt_noumaal.o ABSOLUTE
    ../../dunder.c                           0x00000000   Number         0  dunder.o ABSOLUTE
    ../../fenv.c                             0x00000000   Number         0  _rserrno.o ABSOLUTE
    ../../fpclassify.c                       0x00000000   Number         0  fpclassify.o ABSOLUTE
    ../../fpinit.s                           0x00000000   Number         0  fpinit.o ABSOLUTE
    ../../heapalloc.c                        0x00000000   Number         0  hrguard.o ABSOLUTE
    ../../heapaux.c                          0x00000000   Number         0  heapauxi.o ABSOLUTE
    ../../libinit.s                          0x00000000   Number         0  libinit2.o ABSOLUTE
    ../../libinit.s                          0x00000000   Number         0  libshutdown.o ABSOLUTE
    ../../libinit.s                          0x00000000   Number         0  libinit.o ABSOLUTE
    ../../libinit.s                          0x00000000   Number         0  libshutdown2.o ABSOLUTE
    ../../locale.s                           0x00000000   Number         0  lc_ctype_c.o ABSOLUTE
    ../../memcpset.s                         0x00000000   Number         0  strcmp.o ABSOLUTE
    ../../misc.s                             0x00000000   Number         0  printf_stubs.o ABSOLUTE
    ../../poly.c                             0x00000000   Number         0  poly.o ABSOLUTE
    ../../pow.c                              0x00000000   Number         0  pow_x.o ABSOLUTE
    ../../pow.c                              0x00000000   Number         0  pow.o ABSOLUTE
    ../../printf.c                           0x00000000   Number         0  __printf_flags_wp.o ABSOLUTE
    ../../printf.c                           0x00000000   Number         0  __2sprintf.o ABSOLUTE
    ../../printf.c                           0x00000000   Number         0  noretval__2sprintf.o ABSOLUTE
    ../../printf.c                           0x00000000   Number         0  __printf_ss_wp.o ABSOLUTE
    ../../printf.c                           0x00000000   Number         0  __printf.o ABSOLUTE
    ../../printf.c                           0x00000000   Number         0  __printf_flags_ss_wp.o ABSOLUTE
    ../../printf.c                           0x00000000   Number         0  _sputc.o ABSOLUTE
    ../../printf.c                           0x00000000   Number         0  _printf_pad.o ABSOLUTE
    ../../printf.c                           0x00000000   Number         0  __printf_ss.o ABSOLUTE
    ../../printf.c                           0x00000000   Number         0  _printf_dec.o ABSOLUTE
    ../../printf.c                           0x00000000   Number         0  __printf_nopercent.o ABSOLUTE
    ../../printf.c                           0x00000000   Number         0  __printf_flags.o ABSOLUTE
    ../../printf.c                           0x00000000   Number         0  __printf_flags_ss.o ABSOLUTE
    ../../printf.c                           0x00000000   Number         0  __printf_wp.o ABSOLUTE
    ../../printf.c                           0x00000000   Number         0  _printf_intcommon.o ABSOLUTE
    ../../printf.c                           0x00000000   Number         0  _printf_char_common.o ABSOLUTE
    ../../printf_percent.s                   0x00000000   Number         0  _printf_percent_end.o ABSOLUTE
    ../../printf_percent.s                   0x00000000   Number         0  _printf_d.o ABSOLUTE
    ../../printf_percent.s                   0x00000000   Number         0  _printf_percent.o ABSOLUTE
    ../../qnan.c                             0x00000000   Number         0  qnan.o ABSOLUTE
    ../../retnan.s                           0x00000000   Number         0  retnan.o ABSOLUTE
    ../../scalbn.s                           0x00000000   Number         0  scalbn.o ABSOLUTE
    ../../scanf.c                            0x00000000   Number         0  _chval.o ABSOLUTE
    ../../scanf.c                            0x00000000   Number         0  strtol.o ABSOLUTE
    ../../scanf.c                            0x00000000   Number         0  _strtoul.o ABSOLUTE
    ../../scanf.c                            0x00000000   Number         0  atoi.o ABSOLUTE
    ../../signal.c                           0x00000000   Number         0  defsig_general.o ABSOLUTE
    ../../signal.c                           0x00000000   Number         0  __raise.o ABSOLUTE
    ../../signal.c                           0x00000000   Number         0  defsig_rtmem_inner.o ABSOLUTE
    ../../signal.c                           0x00000000   Number         0  defsig_exit.o ABSOLUTE
    ../../signal.c                           0x00000000   Number         0  defsig_rtred_inner.o ABSOLUTE
    ../../signal.c                           0x00000000   Number         0  defsig_rtmem_outer.o ABSOLUTE
    ../../signal.c                           0x00000000   Number         0  defsig_rtmem_formal.o ABSOLUTE
    ../../signal.c                           0x00000000   Number         0  defsig_other.o ABSOLUTE
    ../../signal.c                           0x00000000   Number         0  defsig_segv_inner.o ABSOLUTE
    ../../signal.c                           0x00000000   Number         0  defsig_cppl_inner.o ABSOLUTE
    ../../signal.c                           0x00000000   Number         0  defsig_pvfn_inner.o ABSOLUTE
    ../../signal.c                           0x00000000   Number         0  defsig_stak_inner.o ABSOLUTE
    ../../signal.c                           0x00000000   Number         0  defsig_fpe_inner.o ABSOLUTE
    ../../signal.c                           0x00000000   Number         0  defsig_abrt_inner.o ABSOLUTE
    ../../signal.s                           0x00000000   Number         0  defsig.o ABSOLUTE
    ../../sqrt.c                             0x00000000   Number         0  sqrt.o ABSOLUTE
    ../../sqrt.c                             0x00000000   Number         0  sqrt_x.o ABSOLUTE
    ../../stdlib.c                           0x00000000   Number         0  exit.o ABSOLUTE
    ../../string.c                           0x00000000   Number         0  strlen.o ABSOLUTE
    ../../trapv.s                            0x00000000   Number         0  trapv.o ABSOLUTE
    ../../usenofp.s                          0x00000000   Number         0  usenofp.o ABSOLUTE
    Startup.s                                0x00000000   Number         0  startup.o ABSOLUTE
    dc.s                                     0x00000000   Number         0  dc.o ABSOLUTE
    main.c                                   0x00000000   Number         0  main.o ABSOLUTE
    Undef_Handler                            0x00000040   ARM Code       4  startup.o(RESET)
    SWI_Handler                              0x00000044   ARM Code       4  startup.o(RESET)
    PAbt_Handler                             0x00000048   ARM Code       4  startup.o(RESET)
    DAbt_Handler                             0x0000004c   ARM Code       4  startup.o(RESET)
    IRQ_Handler                              0x00000050   ARM Code       4  startup.o(RESET)
    FIQ_Handler                              0x00000054   ARM Code       4  startup.o(RESET)
    !!!main                                  0x00000110   Section        8  __main.o(!!!main)
    !!!scatter                               0x00000118   Section       60  __scatter.o(!!!scatter)
    !!handler_copy                           0x00000154   Section       40  __scatter_copy.o(!!handler_copy)
    !!handler_zi                             0x0000017c   Section       44  __scatter_zi.o(!!handler_zi)
    .ARM.Collect$$_printf_percent$$00000000  0x000001ac   Section        0  _printf_percent.o(.ARM.Collect$$_printf_percent$$00000000)
    .ARM.Collect$$_printf_percent$$00000009  0x000001ac   Section        8  _printf_d.o(.ARM.Collect$$_printf_percent$$00000009)
    .ARM.Collect$$_printf_percent$$00000017  0x000001b4   Section        8  _printf_percent_end.o(.ARM.Collect$$_printf_percent$$00000017)
    .ARM.Collect$$libinit$$00000000          0x000001c4   Section        6  libinit.o(.ARM.Collect$$libinit$$00000000)
    .ARM.Collect$$libinit$$00000006          0x000001ca   Section        0  libinit2.o(.ARM.Collect$$libinit$$00000006)
    .ARM.Collect$$libinit$$00000008          0x000001ca   Section        0  libinit2.o(.ARM.Collect$$libinit$$00000008)
    .ARM.Collect$$libinit$$0000000A          0x000001ca   Section        0  libinit2.o(.ARM.Collect$$libinit$$0000000A)
    .ARM.Collect$$libinit$$0000000B          0x000001ca   Section        6  libinit2.o(.ARM.Collect$$libinit$$0000000B)
    .ARM.Collect$$libinit$$0000000D          0x000001d0   Section        0  libinit2.o(.ARM.Collect$$libinit$$0000000D)
    .ARM.Collect$$libinit$$0000000E          0x000001d0   Section       12  libinit2.o(.ARM.Collect$$libinit$$0000000E)
    .ARM.Collect$$libinit$$0000000F          0x000001dc   Section        0  libinit2.o(.ARM.Collect$$libinit$$0000000F)
    .ARM.Collect$$libinit$$00000011          0x000001dc   Section        0  libinit2.o(.ARM.Collect$$libinit$$00000011)
    .ARM.Collect$$libinit$$00000013          0x000001dc   Section        0  libinit2.o(.ARM.Collect$$libinit$$00000013)
    .ARM.Collect$$libinit$$00000015          0x000001dc   Section        0  libinit2.o(.ARM.Collect$$libinit$$00000015)
    .ARM.Collect$$libinit$$00000017          0x000001dc   Section        0  libinit2.o(.ARM.Collect$$libinit$$00000017)
    .ARM.Collect$$libinit$$00000019          0x000001dc   Section        0  libinit2.o(.ARM.Collect$$libinit$$00000019)
    .ARM.Collect$$libinit$$0000001B          0x000001dc   Section        0  libinit2.o(.ARM.Collect$$libinit$$0000001B)
    .ARM.Collect$$libinit$$0000001D          0x000001dc   Section        0  libinit2.o(.ARM.Collect$$libinit$$0000001D)
    .ARM.Collect$$libinit$$0000001F          0x000001dc   Section        0  libinit2.o(.ARM.Collect$$libinit$$0000001F)
    .ARM.Collect$$libinit$$00000021          0x000001dc   Section        0  libinit2.o(.ARM.Collect$$libinit$$00000021)
    .ARM.Collect$$libinit$$00000028          0x000001dc   Section        0  libinit2.o(.ARM.Collect$$libinit$$00000028)
    .ARM.Collect$$libinit$$0000002A          0x000001dc   Section        0  libinit2.o(.ARM.Collect$$libinit$$0000002A)
    .ARM.Collect$$libinit$$0000002C          0x000001dc   Section        0  libinit2.o(.ARM.Collect$$libinit$$0000002C)
    .ARM.Collect$$libinit$$0000002E          0x000001dc   Section        0  libinit2.o(.ARM.Collect$$libinit$$0000002E)
    .ARM.Collect$$libinit$$0000002F          0x000001dc   Section       12  libinit2.o(.ARM.Collect$$libinit$$0000002F)
    .ARM.Collect$$libshutdown$$00000000      0x000001f0   Section        4  libshutdown.o(.ARM.Collect$$libshutdown$$00000000)
    .ARM.Collect$$libshutdown$$00000003      0x000001f4   Section        0  libshutdown2.o(.ARM.Collect$$libshutdown$$00000003)
    .ARM.Collect$$libshutdown$$00000006      0x000001f4   Section        0  libshutdown2.o(.ARM.Collect$$libshutdown$$00000006)
    .ARM.Collect$$libshutdown$$00000009      0x000001f4   Section        0  libshutdown2.o(.ARM.Collect$$libshutdown$$00000009)
    .ARM.Collect$$libshutdown$$0000000B      0x000001f4   Section        0  libshutdown2.o(.ARM.Collect$$libshutdown$$0000000B)
    .ARM.Collect$$libshutdown$$0000000E      0x000001f4   Section        0  libshutdown2.o(.ARM.Collect$$libshutdown$$0000000E)
    .ARM.Collect$$libshutdown$$0000000F      0x000001f4   Section        6  libshutdown2.o(.ARM.Collect$$libshutdown$$0000000F)
    .ARM.Collect$$rtentry$$00000000          0x000001fc   Section        0  rtentry.o(.ARM.Collect$$rtentry$$00000000)
    .ARM.Collect$$rtentry$$00000002          0x000001fc   Section        0  rtentry2.o(.ARM.Collect$$rtentry$$00000002)
    .ARM.Collect$$rtentry$$00000004          0x000001fc   Section        8  rtentry4.o(.ARM.Collect$$rtentry$$00000004)
    .ARM.Collect$$rtentry$$00000009          0x00000204   Section        0  rtentry2.o(.ARM.Collect$$rtentry$$00000009)
    .ARM.Collect$$rtentry$$0000000A          0x00000204   Section        4  rtentry2.o(.ARM.Collect$$rtentry$$0000000A)
    .ARM.Collect$$rtentry$$0000000C          0x00000208   Section        0  rtentry2.o(.ARM.Collect$$rtentry$$0000000C)
    .ARM.Collect$$rtentry$$0000000D          0x00000208   Section       40  rtentry2.o(.ARM.Collect$$rtentry$$0000000D)
    .ARM.Collect$$rtexit$$00000000           0x00000234   Section        4  rtexit.o(.ARM.Collect$$rtexit$$00000000)
    .ARM.Collect$$rtexit$$00000002           0x00000238   Section        0  rtexit2.o(.ARM.Collect$$rtexit$$00000002)
    .ARM.Collect$$rtexit$$00000003           0x00000238   Section        4  rtexit2.o(.ARM.Collect$$rtexit$$00000003)
    .ARM.Collect$$rtexit$$00000004           0x0000023c   Section        8  rtexit2.o(.ARM.Collect$$rtexit$$00000004)
    .text                                    0x00000244   Section       32  startup.o(.text)
    .text                                    0x00000264   Section        0  main.o(.text)
    .text                                    0x00003ec8   Section        4  use_no_semi.o(.text)
    .text                                    0x00003ed4   Section        0  noretval__2sprintf.o(.text)
    .text                                    0x00003efc   Section        0  _printf_pad.o(.text)
    .text                                    0x00003f5c   Section        0  _printf_dec.o(.text)
    .text                                    0x00003fcc   Section        0  __printf_wp.o(.text)
    .text                                    0x000040f4   Section        0  atoi.o(.text)
    .text                                    0x0000411c   Section        0  strlen.o(.text)
    .text                                    0x00004160   Section      384  aeabi_sdiv.o(.text)
    __arm_div8                               0x0000418c   ARM Code       0  aeabi_sdiv.o(.text)
    __arm_div5                               0x000041b0   ARM Code       0  aeabi_sdiv.o(.text)
    __arm_div2                               0x000041d4   ARM Code       0  aeabi_sdiv.o(.text)
    __arm_div_large                          0x00004210   ARM Code       0  aeabi_sdiv.o(.text)
    .text                                    0x000042e0   Section        0  heapauxi.o(.text)
    .text                                    0x000042ec   Section       12  rt_errno_addr_intlibspace.o(.text)
    .text                                    0x00004300   Section        0  _rserrno.o(.text)
    .text                                    0x0000431a   Section        0  _printf_intcommon.o(.text)
    .text                                    0x000043d4   Section        0  _printf_char_common.o(.text)
    _printf_input_char                       0x000043d5   Thumb Code    10  _printf_char_common.o(.text)
    .text                                    0x00004404   Section        0  _sputc.o(.text)
    .text                                    0x00004410   Section        0  strtol.o(.text)
    .text                                    0x00004488   Section       44  rtudiv10.o(.text)
    .text                                    0x000044b4   Section       12  libspace.o(.text)
    .text                                    0x000044c4   Section       24  rt_ctype_table.o(.text)
    .text                                    0x000044dc   Section        0  _strtoul.o(.text)
    .text                                    0x00004588   Section       96  sys_stackheap_outer.o(.text)
    .text                                    0x000045ec   Section       12  rt_locale_intlibspace.o(.text)
    .text                                    0x000045f8   Section        0  _chval.o(.text)
    .text                                    0x00004616   Section        0  exit.o(.text)
    .text                                    0x00004624   Section      160  strcmp.o(.text)
    .text                                    0x000046c4   Section       12  rt_fp_status_addr_intlibspace.o(.text)
    .text_udiv                               0x000046d0   Section       36  aeabi_sdiv.o(.text_udiv)
    i.__ARM_common_call_via_r1               0x000046f4   Section        0  __printf.o(i.__ARM_common_call_via_r1)
    i.__ARM_common_call_via_r2               0x000046f6   Section        0  __printf.o(i.__ARM_common_call_via_r2)
    i.__ARM_fpclassify                       0x000046f8   Section        0  fpclassify.o(i.__ARM_fpclassify)
    i.__kernel_poly                          0x00004728   Section        0  poly.o(i.__kernel_poly)
    i.__mathlib_dbl_underflow                0x00004828   Section        0  dunder.o(i.__mathlib_dbl_underflow)
    i._is_digit                              0x0000483c   Section        0  __printf_wp.o(i._is_digit)
    i.pow                                    0x0000484c   Section        0  pow.o(i.pow)
    i.sqrt                                   0x00005740   Section        0  sqrt.o(i.sqrt)
    locale$$code                             0x000057b4   Section       80  lc_ctype_c.o(locale$$code)
    x$fpl$dadd                               0x00005804   Section      340  daddsub_noclz.o(x$fpl$dadd)
    _dadd1                                   0x00005814   ARM Code       0  daddsub_noclz.o(x$fpl$dadd)
    x$fpl$dcheck1                            0x00005958   Section       16  dcheck1.o(x$fpl$dcheck1)
    x$fpl$dcmpinf                            0x00005968   Section       28  dcmpi.o(x$fpl$dcmpinf)
    x$fpl$ddiv                               0x00005984   Section      736  ddiv.o(x$fpl$ddiv)
    ddiv_entry                               0x0000598c   ARM Code       0  ddiv.o(x$fpl$ddiv)
    x$fpl$deqf                               0x00005c64   Section      148  deqf.o(x$fpl$deqf)
    x$fpl$dfix                               0x00005cf8   Section      112  dfix.o(x$fpl$dfix)
    x$fpl$dfixu                              0x00005d68   Section      112  dfixu.o(x$fpl$dfixu)
    x$fpl$dflt                               0x00005dd8   Section       88  dflt_noclz.o(x$fpl$dflt)
    x$fpl$dfltu                              0x00005e30   Section       12  dflt_noclz.o(x$fpl$dfltu)
    x$fpl$dleqf                              0x00005e3c   Section      148  dleqf.o(x$fpl$dleqf)
    x$fpl$dmul                               0x00005ed0   Section      384  dmul.o(x$fpl$dmul)
    x$fpl$dnaninf                            0x00006050   Section      192  dnaninf.o(x$fpl$dnaninf)
    x$fpl$dretinf                            0x00006110   Section       16  dretinf.o(x$fpl$dretinf)
    x$fpl$drleqf                             0x00006120   Section      140  drleqf.o(x$fpl$drleqf)
    x$fpl$drsb                               0x000061ac   Section       24  daddsub_noclz.o(x$fpl$drsb)
    x$fpl$dsqrt                              0x000061c4   Section      520  dsqrt_noumaal.o(x$fpl$dsqrt)
    x$fpl$dsub                               0x000063cc   Section      580  daddsub_noclz.o(x$fpl$dsub)
    _dsub1                                   0x000063dc   ARM Code       0  daddsub_noclz.o(x$fpl$dsub)
    x$fpl$fpinit                             0x00006614   Section       24  fpinit.o(x$fpl$fpinit)
    x$fpl$retnan                             0x0000662c   Section      116  retnan.o(x$fpl$retnan)
    x$fpl$scalbn                             0x000066a0   Section      104  scalbn.o(x$fpl$scalbn)
    x$fpl$trapveneer                         0x00006708   Section       60  trapv.o(x$fpl$trapveneer)
    x$fpl$usenofp                            0x00006744   Section        0  usenofp.o(x$fpl$usenofp)
    .constdata                               0x00006748   Section      136  pow.o(.constdata)
    bp                                       0x00006748   Data          16  pow.o(.constdata)
    dp_h                                     0x00006758   Data          16  pow.o(.constdata)
    dp_l                                     0x00006768   Data          16  pow.o(.constdata)
    L                                        0x00006778   Data          48  pow.o(.constdata)
    P                                        0x000067a8   Data          40  pow.o(.constdata)
    .constdata                               0x000067d0   Section        8  qnan.o(.constdata)
    locale$$data                             0x000067f8   Section      272  lc_ctype_c.o(locale$$data)
    __lcctype_c_name                         0x000067fc   Data           2  lc_ctype_c.o(locale$$data)
    __lcctype_c_start                        0x00006804   Data           0  lc_ctype_c.o(locale$$data)
    __lcctype_c_end                          0x00006908   Data           0  lc_ctype_c.o(locale$$data)
    .data                                    0x40000000   Section       76  main.o(.data)
    .bss                                     0x4000004c   Section       96  libspace.o(.bss)
    HEAP                                     0x400000b0   Section        0  startup.o(HEAP)
    STACK                                    0x400000b0   Section     1160  startup.o(STACK)
    Heap_Mem                                 0x400000b0   Data           0  startup.o(HEAP)
    Stack_Mem                                0x400000b0   Data        1024  startup.o(STACK)
    Stack_Top                                0x40000538   Data           0  startup.o(STACK)

    Global Symbols

    Symbol Name                              Value     Ov Type        Size  Object(Section)

    BuildAttributes$$THM_ISAv1$ARM_ISAv4$S$PE$A:L22$X:L11$S22$IEEE1$IW$USESV6$~STKCKD$USESV7$~SHL$OTIME$ROPI$IEEEX$EBA8$UX$STANDARDLIB$REQ8$PRES8$EABIv2 0x00000000   Number         0  anon$$obj.o ABSOLUTE
    __ARM_use_no_argv                        0x00000000   Number         0  main.o ABSOLUTE
    _printf_flags                            0x00000000   Number         0  printf_stubs.o ABSOLUTE
    _printf_return_value                     0x00000000   Number         0  printf_stubs.o ABSOLUTE
    _printf_sizespec                         0x00000000   Number         0  printf_stubs.o ABSOLUTE
    _printf_widthprec                        0x00000000   Number         0  printf_stubs.o ABSOLUTE
    __ARM_exceptions_init                     - Undefined Weak Reference
    __alloca_initialize                       - Undefined Weak Reference
    __cpp_initialize__aeabi_                  - Undefined Weak Reference
    __cxa_finalize                            - Undefined Weak Reference
    __sigvec_lookup                           - Undefined Weak Reference
    _atexit_init                              - Undefined Weak Reference
    _call_atexit_fns                          - Undefined Weak Reference
    _clock_init                               - Undefined Weak Reference
    _fp_trap_init                             - Undefined Weak Reference
    _fp_trap_shutdown                         - Undefined Weak Reference
    _get_lc_collate                           - Undefined Weak Reference
    _get_lc_monetary                          - Undefined Weak Reference
    _get_lc_numeric                           - Undefined Weak Reference
    _get_lc_time                              - Undefined Weak Reference
    _getenv_init                              - Undefined Weak Reference
    _handle_redirection                       - Undefined Weak Reference
    _init_alloc                               - Undefined Weak Reference
    _init_user_alloc                          - Undefined Weak Reference
    _initio                                   - Undefined Weak Reference
    _printf_truncate_signed                   - Undefined Weak Reference
    _printf_truncate_unsigned                 - Undefined Weak Reference
    _rand_init                                - Undefined Weak Reference
    _signal_finish                            - Undefined Weak Reference
    _signal_init                              - Undefined Weak Reference
    _terminate_alloc                          - Undefined Weak Reference
    _terminate_user_alloc                     - Undefined Weak Reference
    _terminateio                              - Undefined Weak Reference
    Reset_Handler                            0x00000058   ARM Code       0  startup.o(RESET)
    __main                                   0x00000110   ARM Code       8  __main.o(!!!main)
    __scatterload                            0x00000118   ARM Code       0  __scatter.o(!!!scatter)
    __scatterload_rt2                        0x00000118   ARM Code      52  __scatter.o(!!!scatter)
    __scatterload_null                       0x0000012c   ARM Code       0  __scatter.o(!!!scatter)
    __scatterload_copy                       0x00000154   ARM Code      40  __scatter_copy.o(!!handler_copy)
    __scatterload_zeroinit                   0x0000017c   ARM Code      44  __scatter_zi.o(!!handler_zi)
    Inline Thumb to ARM Veneer to _printf_percent 0x000001a9   Thumb Code     4  _printf_percent.o(.ARM.Collect$$_printf_percent$$00000000)
    _printf_d                                0x000001ac   ARM Code       0  _printf_d.o(.ARM.Collect$$_printf_percent$$00000009)
    _printf_percent                          0x000001ac   ARM Code       0  _printf_percent.o(.ARM.Collect$$_printf_percent$$00000000)
    _printf_percent_end                      0x000001b4   ARM Code       0  _printf_percent_end.o(.ARM.Collect$$_printf_percent$$00000017)
    Inline ARM to Thumb Veneer to __rt_lib_init 0x000001bc   ARM Code       8  libinit.o(.ARM.Collect$$libinit$$00000000)
    __rt_lib_init                            0x000001c5   Thumb Code     0  libinit.o(.ARM.Collect$$libinit$$00000000)
    __rt_lib_init_heap_1                     0x000001cb   Thumb Code     0  libinit2.o(.ARM.Collect$$libinit$$00000006)
    __rt_lib_init_lc_common                  0x000001cb   Thumb Code     0  libinit2.o(.ARM.Collect$$libinit$$0000000B)
    __rt_lib_init_rand_1                     0x000001cb   Thumb Code     0  libinit2.o(.ARM.Collect$$libinit$$0000000A)
    __rt_lib_init_user_alloc_1               0x000001cb   Thumb Code     0  libinit2.o(.ARM.Collect$$libinit$$00000008)
    __rt_lib_init_lc_collate_1               0x000001d1   Thumb Code     0  libinit2.o(.ARM.Collect$$libinit$$0000000D)
    __rt_lib_init_lc_ctype_2                 0x000001d1   Thumb Code     0  libinit2.o(.ARM.Collect$$libinit$$0000000E)
    __rt_lib_init_alloca_1                   0x000001dd   Thumb Code     0  libinit2.o(.ARM.Collect$$libinit$$0000002A)
    __rt_lib_init_argv_1                     0x000001dd   Thumb Code     0  libinit2.o(.ARM.Collect$$libinit$$00000028)
    __rt_lib_init_atexit_1                   0x000001dd   Thumb Code     0  libinit2.o(.ARM.Collect$$libinit$$00000017)
    __rt_lib_init_clock_1                    0x000001dd   Thumb Code     0  libinit2.o(.ARM.Collect$$libinit$$0000001D)
    __rt_lib_init_cpp_1                      0x000001dd   Thumb Code     0  libinit2.o(.ARM.Collect$$libinit$$0000002E)
    __rt_lib_init_exceptions_1               0x000001dd   Thumb Code     0  libinit2.o(.ARM.Collect$$libinit$$0000002C)
    __rt_lib_init_fp_trap_1                  0x000001dd   Thumb Code     0  libinit2.o(.ARM.Collect$$libinit$$0000001B)
    __rt_lib_init_getenv_1                   0x000001dd   Thumb Code     0  libinit2.o(.ARM.Collect$$libinit$$0000001F)
    __rt_lib_init_lc_ctype_1                 0x000001dd   Thumb Code     0  libinit2.o(.ARM.Collect$$libinit$$0000000F)
    __rt_lib_init_lc_monetary_1              0x000001dd   Thumb Code     0  libinit2.o(.ARM.Collect$$libinit$$00000011)
    __rt_lib_init_lc_numeric_1               0x000001dd   Thumb Code     0  libinit2.o(.ARM.Collect$$libinit$$00000013)
    __rt_lib_init_lc_time_1                  0x000001dd   Thumb Code     0  libinit2.o(.ARM.Collect$$libinit$$00000015)
    __rt_lib_init_return                     0x000001dd   Thumb Code     0  libinit2.o(.ARM.Collect$$libinit$$0000002F)
    __rt_lib_init_signal_1                   0x000001dd   Thumb Code     0  libinit2.o(.ARM.Collect$$libinit$$00000019)
    __rt_lib_init_stdio_1                    0x000001dd   Thumb Code     0  libinit2.o(.ARM.Collect$$libinit$$00000021)
    Inline ARM to Thumb Veneer to __rt_lib_shutdown 0x000001e8   ARM Code       8  libshutdown.o(.ARM.Collect$$libshutdown$$00000000)
    __rt_lib_shutdown                        0x000001f1   Thumb Code     0  libshutdown.o(.ARM.Collect$$libshutdown$$00000000)
    __rt_lib_shutdown_fp_trap_1              0x000001f5   Thumb Code     0  libshutdown2.o(.ARM.Collect$$libshutdown$$00000006)
    __rt_lib_shutdown_heap_1                 0x000001f5   Thumb Code     0  libshutdown2.o(.ARM.Collect$$libshutdown$$0000000E)
    __rt_lib_shutdown_return                 0x000001f5   Thumb Code     0  libshutdown2.o(.ARM.Collect$$libshutdown$$0000000F)
    __rt_lib_shutdown_signal_1               0x000001f5   Thumb Code     0  libshutdown2.o(.ARM.Collect$$libshutdown$$00000009)
    __rt_lib_shutdown_stdio_1                0x000001f5   Thumb Code     0  libshutdown2.o(.ARM.Collect$$libshutdown$$00000003)
    __rt_lib_shutdown_user_alloc_1           0x000001f5   Thumb Code     0  libshutdown2.o(.ARM.Collect$$libshutdown$$0000000B)
    __rt_entry                               0x000001fc   ARM Code       0  rtentry.o(.ARM.Collect$$rtentry$$00000000)
    __rt_entry_presh_1                       0x000001fc   ARM Code       0  rtentry2.o(.ARM.Collect$$rtentry$$00000002)
    __rt_entry_sh                            0x000001fc   ARM Code       0  rtentry4.o(.ARM.Collect$$rtentry$$00000004)
    __rt_entry_li                            0x00000204   ARM Code       0  rtentry2.o(.ARM.Collect$$rtentry$$0000000A)
    __rt_entry_postsh_1                      0x00000204   ARM Code       0  rtentry2.o(.ARM.Collect$$rtentry$$00000009)
    __rt_entry_main                          0x00000208   ARM Code       0  rtentry2.o(.ARM.Collect$$rtentry$$0000000D)
    __rt_entry_postli_1                      0x00000208   ARM Code       0  rtentry2.o(.ARM.Collect$$rtentry$$0000000C)
    Inline Thumb to ARM Veneer to __rt_exit  0x00000231   Thumb Code     4  rtexit.o(.ARM.Collect$$rtexit$$00000000)
    __rt_exit                                0x00000234   ARM Code       0  rtexit.o(.ARM.Collect$$rtexit$$00000000)
    __rt_exit_ls                             0x00000238   ARM Code       0  rtexit2.o(.ARM.Collect$$rtexit$$00000003)
    __rt_exit_prels_1                        0x00000238   ARM Code       0  rtexit2.o(.ARM.Collect$$rtexit$$00000002)
    __rt_exit_exit                           0x0000023c   ARM Code       0  rtexit2.o(.ARM.Collect$$rtexit$$00000004)
    __user_initial_stackheap                 0x00000244   ARM Code       0  startup.o(.text)
    DelayNS                                  0x00000264   ARM Code      40  main.o(.text)
    UART0_Init                               0x0000028c   ARM Code     104  main.o(.text)
    UART1_Init                               0x000002f4   ARM Code     140  main.o(.text)
    URAT1_Clr                                0x00000380   ARM Code      24  main.o(.text)
    UART0_GetByte                            0x00000398   ARM Code      32  main.o(.text)
    UART1_GetByte                            0x000003b8   ARM Code      32  main.o(.text)
    UART1_GetByte485                         0x000003d8   ARM Code      72  main.o(.text)
    UART1_GetByte485C                        0x00000420   ARM Code     132  main.o(.text)
    UART0_GetStr                             0x000004a4   ARM Code      44  main.o(.text)
    UART1_GetStr                             0x000004d0   ARM Code      44  main.o(.text)
    UART1_GetStr485                          0x000004fc   ARM Code      44  main.o(.text)
    UART0_SendByte                           0x00000528   ARM Code      32  main.o(.text)
    UART1_SendByte                           0x00000548   ARM Code      32  main.o(.text)
    UART1_SendByte485                        0x00000568   ARM Code      72  main.o(.text)
    UART0_SendStr                            0x000005b0   ARM Code      52  main.o(.text)
    UART1_SendStr                            0x000005e4   ARM Code      52  main.o(.text)
    UART1_SendStr485                         0x00000618   ARM Code      48  main.o(.text)
    ClrStr                                   0x00000648   ARM Code      60  main.o(.text)
    I2C_WriteNByte                           0x00000684   ARM Code     268  main.o(.text)
    initGyro                                 0x00000790   ARM Code     156  main.o(.text)
    I2C_ReadNByte                            0x0000082c   ARM Code     280  main.o(.text)
    getGyroscopeData                         0x00000944   ARM Code     284  main.o(.text)
    ADXL345_Init                             0x00000a60   ARM Code     264  main.o(.text)
    ADXL345_Test                             0x00000b68   ARM Code      80  main.o(.text)
    get_accdata                              0x00000bb8   ARM Code     568  main.o(.text)
    IRQ_Exception                            0x00000df0   ARM Code       8  main.o(.text)
    FIQ_Exception                            0x00000df8   ARM Code       8  main.o(.text)
    TargetInit                               0x00000e00   ARM Code       4  main.o(.text)
    TargetResetInit                          0x00000e04   ARM Code     144  main.o(.text)
    __rt_div0                                0x00000e94   ARM Code      16  main.o(.text)
    fputc                                    0x00000ea4   ARM Code      20  main.o(.text)
    fgetc                                    0x00000eb8   ARM Code      16  main.o(.text)
    _sys_close                               0x00000ec8   ARM Code      16  main.o(.text)
    _sys_write                               0x00000ed8   ARM Code      28  main.o(.text)
    _sys_read                                0x00000ef4   ARM Code      28  main.o(.text)
    _ttywrch                                 0x00000f10   ARM Code       8  main.o(.text)
    _sys_istty                               0x00000f18   ARM Code      16  main.o(.text)
    _sys_seek                                0x00000f28   ARM Code      16  main.o(.text)
    _sys_ensure                              0x00000f38   ARM Code      16  main.o(.text)
    _sys_flen                                0x00000f48   ARM Code      16  main.o(.text)
    _sys_tmpnam                              0x00000f58   ARM Code      24  main.o(.text)
    _sys_exit                                0x00000f70   ARM Code       8  main.o(.text)
    _sys_command_string                      0x00000f78   ARM Code      20  main.o(.text)
    IRQ_I2C                                  0x00000f8c   ARM Code    1144  main.o(.text)
    I2cInit                                  0x00001404   ARM Code     160  main.o(.text)
    ISendByte                                0x000014a4   ARM Code     136  main.o(.text)
    IRcvByte                                 0x0000152c   ARM Code     128  main.o(.text)
    SPI_wr_752                               0x000015ac   ARM Code      76  main.o(.text)
    SPI_rd_752                               0x000015f8   ARM Code      76  main.o(.text)
    Set_GPIO_Dir                             0x00001644   ARM Code      84  main.o(.text)
    Read_GPIO                                0x00001698   ARM Code      72  main.o(.text)
    Write_GPIO                               0x000016e0   ARM Code      68  main.o(.text)
    SetLED                                   0x00001724   ARM Code      96  main.o(.text)
    SC16IS752_Init_ChA1_232                  0x00001784   ARM Code     156  main.o(.text)
    SC16IS752_Init_ChB1_232                  0x00001820   ARM Code     156  main.o(.text)
    UARTEX_SendByte                          0x000018bc   ARM Code      60  main.o(.text)
    UARTEX_SendStr                           0x000018f8   ARM Code      84  main.o(.text)
    UARTEX_RevByte                           0x0000194c   ARM Code      92  main.o(.text)
    UARTEX_RevStr                            0x000019a8   ARM Code      88  main.o(.text)
    CheckKey                                 0x00001a00   ARM Code     100  main.o(.text)
    AD0_ini                                  0x00001a64   ARM Code     148  main.o(.text)
    AD1_ini                                  0x00001af8   ARM Code     136  main.o(.text)
    AD0_data                                 0x00001b80   ARM Code      88  main.o(.text)
    AD1_data                                 0x00001bd8   ARM Code      88  main.o(.text)
    RStartmotor485                           0x00001c30   ARM Code     172  main.o(.text)
    RSTorqueOnOff485                         0x00001cdc   ARM Code     180  main.o(.text)
    RSMove485                                0x00001d90   ARM Code     208  main.o(.text)
    RSGetAngle485                            0x00001e60   ARM Code     240  main.o(.text)
    RSGetTime485                             0x00001f50   ARM Code     232  main.o(.text)
    RSGetSpeed485                            0x00002038   ARM Code     232  main.o(.text)
    RSGetLoad485                             0x00002120   ARM Code     256  main.o(.text)
    RSGetVoltage485                          0x00002220   ARM Code     232  main.o(.text)
    RSGetTem485                              0x00002308   ARM Code     232  main.o(.text)
    RSHello485                               0x000023f0   ARM Code     188  main.o(.text)
    RSGetID485                               0x000024ac   ARM Code      84  main.o(.text)
    RSSetID485                               0x00002500   ARM Code     188  main.o(.text)
    RSWriteReset                             0x000025bc   ARM Code     172  main.o(.text)
    Write_SmtMotor                           0x00002668   ARM Code      68  main.o(.text)
    Read_SmtMotor                            0x000026ac   ARM Code      64  main.o(.text)
    Get_SmtMotorP                            0x000026ec   ARM Code      56  main.o(.text)
    Get_SmtMotorD                            0x00002724   ARM Code      56  main.o(.text)
    Get_SmtMotorV                            0x0000275c   ARM Code      56  main.o(.text)
    PWM_INI                                  0x00002794   ARM Code     364  main.o(.text)
    SetServo                                 0x00002900   ARM Code     740  main.o(.text)
    main                                     0x00002be4   ARM Code    4828  main.o(.text)
    __semihosting$guard                      0x00003ec8   ARM Code       0  use_no_semi.o(.text)
    __use_no_semihosting_swi                 0x00003ec8   ARM Code       4  use_no_semi.o(.text)
    Inline ARM to Thumb Veneer to __2sprintf 0x00003ecc   ARM Code       8  noretval__2sprintf.o(.text)
    __2sprintf                               0x00003ed5   Thumb Code    36  noretval__2sprintf.o(.text)
    _printf_pre_padding                      0x00003efd   Thumb Code    50  _printf_pad.o(.text)
    _printf_post_padding                     0x00003f2f   Thumb Code    36  _printf_pad.o(.text)
    Inline ARM to Thumb Veneer to _printf_int_dec 0x00003f54   ARM Code       8  _printf_dec.o(.text)
    _printf_int_dec                          0x00003f5d   Thumb Code    94  _printf_dec.o(.text)
    __printf                                 0x00003fcd   Thumb Code   288  __printf_wp.o(.text)
    Inline ARM to Thumb Veneer to atoi       0x000040ec   ARM Code       8  atoi.o(.text)
    atoi                                     0x000040f5   Thumb Code    30  atoi.o(.text)
    Inline ARM to Thumb Veneer to strlen     0x00004114   ARM Code       8  strlen.o(.text)
    strlen                                   0x0000411d   Thumb Code    64  strlen.o(.text)
    __aeabi_idiv                             0x00004160   ARM Code       0  aeabi_sdiv.o(.text)
    __aeabi_idivmod                          0x00004160   ARM Code     384  aeabi_sdiv.o(.text)
    __use_two_region_memory                  0x000042e1   Thumb Code     2  heapauxi.o(.text)
    __rt_heap_escrow$2region                 0x000042e3   Thumb Code     2  heapauxi.o(.text)
    __rt_heap_expand$2region                 0x000042e5   Thumb Code     2  heapauxi.o(.text)
    Inline Thumb to ARM Veneer to __aeabi_errno_addr 0x000042e9   Thumb Code     4  rt_errno_addr_intlibspace.o(.text)
    __aeabi_errno_addr                       0x000042ec   ARM Code      12  rt_errno_addr_intlibspace.o(.text)
    __errno$intlibspace                      0x000042ec   ARM Code       0  rt_errno_addr_intlibspace.o(.text)
    __rt_errno_addr$intlibspace              0x000042ec   ARM Code       0  rt_errno_addr_intlibspace.o(.text)
    Inline ARM to Thumb Veneer to __set_errno 0x000042f8   ARM Code       8  _rserrno.o(.text)
    __read_errno                             0x00004301   Thumb Code    14  _rserrno.o(.text)
    __set_errno                              0x0000430f   Thumb Code    12  _rserrno.o(.text)
    _printf_int_common                       0x0000431b   Thumb Code   186  _printf_intcommon.o(.text)
    _printf_char_common                      0x000043df   Thumb Code    34  _printf_char_common.o(.text)
    _sputc                                   0x00004405   Thumb Code    10  _sputc.o(.text)
    strtol                                   0x00004411   Thumb Code   112  strtol.o(.text)
    Inline Thumb to ARM Veneer to __rt_udiv10 0x00004485   Thumb Code     4  rtudiv10.o(.text)
    __rt_udiv10                              0x00004488   ARM Code      44  rtudiv10.o(.text)
    __user_libspace                          0x000044b4   ARM Code      12  libspace.o(.text)
    __user_perproc_libspace                  0x000044b4   ARM Code       0  libspace.o(.text)
    __user_perthread_libspace                0x000044b4   ARM Code       0  libspace.o(.text)
    Inline Thumb to ARM Veneer to __rt_ctype_table 0x000044c1   Thumb Code     4  rt_ctype_table.o(.text)
    __rt_ctype_table                         0x000044c4   ARM Code      24  rt_ctype_table.o(.text)
    _strtoul                                 0x000044dd   Thumb Code   172  _strtoul.o(.text)
    __user_setup_stackheap                   0x00004588   ARM Code      96  sys_stackheap_outer.o(.text)
    Inline Thumb to ARM Veneer to __rt_locale 0x000045e9   Thumb Code     4  rt_locale_intlibspace.o(.text)
    __rt_locale                              0x000045ec   ARM Code      12  rt_locale_intlibspace.o(.text)
    _chval                                   0x000045f9   Thumb Code    30  _chval.o(.text)
    exit                                     0x00004617   Thumb Code    12  exit.o(.text)
    strcmp                                   0x00004624   ARM Code     156  strcmp.o(.text)
    __rt_fp_status_addr                      0x000046c4   ARM Code      12  rt_fp_status_addr_intlibspace.o(.text)
    __aeabi_uidiv                            0x000046d0   ARM Code       0  aeabi_sdiv.o(.text_udiv)
    __aeabi_uidivmod                         0x000046d0   ARM Code      36  aeabi_sdiv.o(.text_udiv)
    __ARM_common_call_via_r1                 0x000046f5   Thumb Code     2  __printf.o(i.__ARM_common_call_via_r1)
    __ARM_common_call_via_r2                 0x000046f7   Thumb Code     2  __printf.o(i.__ARM_common_call_via_r2)
    __ARM_fpclassify                         0x000046f8   ARM Code      48  fpclassify.o(i.__ARM_fpclassify)
    __kernel_poly                            0x00004728   ARM Code     256  poly.o(i.__kernel_poly)
    __mathlib_dbl_underflow                  0x00004828   ARM Code      20  dunder.o(i.__mathlib_dbl_underflow)
    _is_digit                                0x0000483d   Thumb Code    14  __printf_wp.o(i._is_digit)
    pow                                      0x0000484c   ARM Code    3828  pow.o(i.pow)
    sqrt                                     0x00005740   ARM Code     112  sqrt.o(i.sqrt)
    Inline Thumb to ARM Veneer to _get_lc_ctype 0x000057b1   Thumb Code     4  lc_ctype_c.o(locale$$code)
    _get_lc_ctype                            0x000057b4   ARM Code      80  lc_ctype_c.o(locale$$code)
    __aeabi_dadd                             0x00005804   ARM Code       0  daddsub_noclz.o(x$fpl$dadd)
    _dadd                                    0x00005804   ARM Code     336  daddsub_noclz.o(x$fpl$dadd)
    __fpl_dcheck_NaN1                        0x00005958   ARM Code      12  dcheck1.o(x$fpl$dcheck1)
    __fpl_dcmp_Inf                           0x00005968   ARM Code      28  dcmpi.o(x$fpl$dcmpinf)
    __aeabi_ddiv                             0x00005984   ARM Code       0  ddiv.o(x$fpl$ddiv)
    _ddiv                                    0x00005984   ARM Code     600  ddiv.o(x$fpl$ddiv)
    __aeabi_cdcmpeq                          0x00005c64   ARM Code       0  deqf.o(x$fpl$deqf)
    _dcmpeq                                  0x00005c64   ARM Code     148  deqf.o(x$fpl$deqf)
    __aeabi_d2iz                             0x00005cf8   ARM Code       0  dfix.o(x$fpl$dfix)
    _dfix                                    0x00005cf8   ARM Code     112  dfix.o(x$fpl$dfix)
    __aeabi_d2uiz                            0x00005d68   ARM Code       0  dfixu.o(x$fpl$dfixu)
    _dfixu                                   0x00005d68   ARM Code     112  dfixu.o(x$fpl$dfixu)
    __aeabi_i2d                              0x00005dd8   ARM Code       0  dflt_noclz.o(x$fpl$dflt)
    _dflt                                    0x00005dd8   ARM Code      88  dflt_noclz.o(x$fpl$dflt)
    __dflt_normalise                         0x00005de8   ARM Code       0  dflt_noclz.o(x$fpl$dflt)
    __aeabi_ui2d                             0x00005e30   ARM Code       0  dflt_noclz.o(x$fpl$dfltu)
    _dfltu                                   0x00005e30   ARM Code      12  dflt_noclz.o(x$fpl$dfltu)
    __aeabi_cdcmple                          0x00005e3c   ARM Code       0  dleqf.o(x$fpl$dleqf)
    _dcmple                                  0x00005e3c   ARM Code     148  dleqf.o(x$fpl$dleqf)
    __fpl_dcmple_InfNaN                      0x00005eb8   ARM Code       0  dleqf.o(x$fpl$dleqf)
    __aeabi_dmul                             0x00005ed0   ARM Code       0  dmul.o(x$fpl$dmul)
    _dmul                                    0x00005ed0   ARM Code     372  dmul.o(x$fpl$dmul)
    __fpl_dnaninf                            0x00006050   ARM Code     192  dnaninf.o(x$fpl$dnaninf)
    __fpl_dretinf                            0x00006110   ARM Code      16  dretinf.o(x$fpl$dretinf)
    __aeabi_cdrcmple                         0x00006120   ARM Code       0  drleqf.o(x$fpl$drleqf)
    _drcmple                                 0x00006120   ARM Code     140  drleqf.o(x$fpl$drleqf)
    __aeabi_drsub                            0x000061ac   ARM Code       0  daddsub_noclz.o(x$fpl$drsb)
    _drsb                                    0x000061ac   ARM Code      24  daddsub_noclz.o(x$fpl$drsb)
    _dsqrt                                   0x000061c4   ARM Code     516  dsqrt_noumaal.o(x$fpl$dsqrt)
    __aeabi_dsub                             0x000063cc   ARM Code       0  daddsub_noclz.o(x$fpl$dsub)
    _dsub                                    0x000063cc   ARM Code     576  daddsub_noclz.o(x$fpl$dsub)
    Inline Thumb to ARM Veneer to _fp_init   0x00006611   Thumb Code     4  fpinit.o(x$fpl$fpinit)
    _fp_init                                 0x00006614   ARM Code      24  fpinit.o(x$fpl$fpinit)
    __fplib_config_pureend_doubles           0x00006624   ARM Code       0  fpinit.o(x$fpl$fpinit)
    __fpl_return_NaN                         0x0000662c   ARM Code     116  retnan.o(x$fpl$retnan)
    __ARM_scalbn                             0x000066a0   ARM Code     104  scalbn.o(x$fpl$scalbn)
    __fpl_cmpreturn                          0x00006708   ARM Code      60  trapv.o(x$fpl$trapveneer)
    __I$use$fp                               0x00006744   ARM Code       0  usenofp.o(x$fpl$usenofp)
    __mathlib_zero                           0x000067d0   Data           8  qnan.o(.constdata)
    Region$$Table$$Base                      0x000067d8   Number         0  anon$$obj.o(Region$$Table)
    Region$$Table$$Limit                     0x000067f8   Number         0  anon$$obj.o(Region$$Table)
    __ctype                                  0x00006805   Data           0  lc_ctype_c.o(locale$$data)
    g_offx                                   0x40000000   Data           4  main.o(.data)
    g_offy                                   0x40000004   Data           4  main.o(.data)
    g_offz                                   0x40000008   Data           4  main.o(.data)
    hx                                       0x4000000c   Data           4  main.o(.data)
    hy                                       0x40000010   Data           4  main.o(.data)
    hz                                       0x40000014   Data           4  main.o(.data)
    turetemp                                 0x40000018   Data           4  main.o(.data)
    I2CCommand                               0x4000001c   Data           2  main.o(.data)
    I2C_sla                                  0x4000001e   Data           1  main.o(.data)
    I2C_suba                                 0x40000020   Data           4  main.o(.data)
    I2C_suba_num                             0x40000024   Data           1  main.o(.data)
    I2C_buf                                  0x40000028   Data           4  main.o(.data)
    I2C_num                                  0x4000002c   Data           4  main.o(.data)
    I2C_end                                  0x40000030   Data           1  main.o(.data)
    I2C_suba_en                              0x40000031   Data           1  main.o(.data)
    scale                                    0x40000038   Data           8  main.o(.data)
    gx                                       0x40000040   Data           4  main.o(.data)
    gy                                       0x40000044   Data           4  main.o(.data)
    gz                                       0x40000048   Data           4  main.o(.data)
    __libspace_start                         0x4000004c   Data          96  libspace.o(.bss)
    __temporary_stack_top$libspace           0x400000ac   Data           0  libspace.o(.bss)



==============================================================================

Memory Map of the image

  Image Entry point : 0x00000110

  Load Region LR_IROM1 (Base: 0x00000000, Size: 0x00006954, Max: 0x00080000, ABSOLUTE)

    Execution Region ER_IROM1 (Base: 0x00000000, Size: 0x00006908, Max: 0x00080000, ABSOLUTE)

    Base Addr    Size         Type   Attr      Idx    E Section Name        Object

    0x00000000   0x00000110   Code   RO            3    RESET               startup.o
    0x00000110   0x00000008   Code   RO          127  * !!!main             c_t.l(__main.o)
    0x00000118   0x0000003c   Code   RO          391    !!!scatter          c_t.l(__scatter.o)
    0x00000154   0x00000028   Code   RO          393    !!handler_copy      c_t.l(__scatter_copy.o)
    0x0000017c   0x0000002c   Code   RO          395    !!handler_zi        c_t.l(__scatter_zi.o)
    0x000001a8   0x00000004   Ven    RO          104    .ARM.Collect$$_printf_percent$$00000000  c_t.l(_printf_percent.o)
    0x000001ac   0x00000000   Code   RO          104    .ARM.Collect$$_printf_percent$$00000000  c_t.l(_printf_percent.o)
    0x000001ac   0x00000008   Code   RO          103    .ARM.Collect$$_printf_percent$$00000009  c_t.l(_printf_d.o)
    0x000001b4   0x00000008   Code   RO          191    .ARM.Collect$$_printf_percent$$00000017  c_t.l(_printf_percent_end.o)
    0x000001bc   0x00000008   Ven    RO          267    .ARM.Collect$$libinit$$00000000  c_t.l(libinit.o)
    0x000001c4   0x00000006   Code   RO          267    .ARM.Collect$$libinit$$00000000  c_t.l(libinit.o)
    0x000001ca   0x00000000   Code   RO          276    .ARM.Collect$$libinit$$00000006  c_t.l(libinit2.o)
    0x000001ca   0x00000000   Code   RO          278    .ARM.Collect$$libinit$$00000008  c_t.l(libinit2.o)
    0x000001ca   0x00000000   Code   RO          280    .ARM.Collect$$libinit$$0000000A  c_t.l(libinit2.o)
    0x000001ca   0x00000006   Code   RO          281    .ARM.Collect$$libinit$$0000000B  c_t.l(libinit2.o)
    0x000001d0   0x00000000   Code   RO          283    .ARM.Collect$$libinit$$0000000D  c_t.l(libinit2.o)
    0x000001d0   0x0000000c   Code   RO          284    .ARM.Collect$$libinit$$0000000E  c_t.l(libinit2.o)
    0x000001dc   0x00000000   Code   RO          285    .ARM.Collect$$libinit$$0000000F  c_t.l(libinit2.o)
    0x000001dc   0x00000000   Code   RO          287    .ARM.Collect$$libinit$$00000011  c_t.l(libinit2.o)
    0x000001dc   0x00000000   Code   RO          289    .ARM.Collect$$libinit$$00000013  c_t.l(libinit2.o)
    0x000001dc   0x00000000   Code   RO          291    .ARM.Collect$$libinit$$00000015  c_t.l(libinit2.o)
    0x000001dc   0x00000000   Code   RO          293    .ARM.Collect$$libinit$$00000017  c_t.l(libinit2.o)
    0x000001dc   0x00000000   Code   RO          295    .ARM.Collect$$libinit$$00000019  c_t.l(libinit2.o)
    0x000001dc   0x00000000   Code   RO          297    .ARM.Collect$$libinit$$0000001B  c_t.l(libinit2.o)
    0x000001dc   0x00000000   Code   RO          299    .ARM.Collect$$libinit$$0000001D  c_t.l(libinit2.o)
    0x000001dc   0x00000000   Code   RO          301    .ARM.Collect$$libinit$$0000001F  c_t.l(libinit2.o)
    0x000001dc   0x00000000   Code   RO          303    .ARM.Collect$$libinit$$00000021  c_t.l(libinit2.o)
    0x000001dc   0x00000000   Code   RO          307    .ARM.Collect$$libinit$$00000028  c_t.l(libinit2.o)
    0x000001dc   0x00000000   Code   RO          309    .ARM.Collect$$libinit$$0000002A  c_t.l(libinit2.o)
    0x000001dc   0x00000000   Code   RO          311    .ARM.Collect$$libinit$$0000002C  c_t.l(libinit2.o)
    0x000001dc   0x00000000   Code   RO          313    .ARM.Collect$$libinit$$0000002E  c_t.l(libinit2.o)
    0x000001dc   0x0000000c   Code   RO          314    .ARM.Collect$$libinit$$0000002F  c_t.l(libinit2.o)
    0x000001e8   0x00000008   Ven    RO          339    .ARM.Collect$$libshutdown$$00000000  c_t.l(libshutdown.o)
    0x000001f0   0x00000004   Code   RO          339    .ARM.Collect$$libshutdown$$00000000  c_t.l(libshutdown.o)
    0x000001f4   0x00000000   Code   RO          348    .ARM.Collect$$libshutdown$$00000003  c_t.l(libshutdown2.o)
    0x000001f4   0x00000000   Code   RO          351    .ARM.Collect$$libshutdown$$00000006  c_t.l(libshutdown2.o)
    0x000001f4   0x00000000   Code   RO          354    .ARM.Collect$$libshutdown$$00000009  c_t.l(libshutdown2.o)
    0x000001f4   0x00000000   Code   RO          356    .ARM.Collect$$libshutdown$$0000000B  c_t.l(libshutdown2.o)
    0x000001f4   0x00000000   Code   RO          359    .ARM.Collect$$libshutdown$$0000000E  c_t.l(libshutdown2.o)
    0x000001f4   0x00000006   Code   RO          360    .ARM.Collect$$libshutdown$$0000000F  c_t.l(libshutdown2.o)
    0x000001fa   0x00000002   PAD
    0x000001fc   0x00000000   Code   RO          173    .ARM.Collect$$rtentry$$00000000  c_t.l(rtentry.o)
    0x000001fc   0x00000000   Code   RO          222    .ARM.Collect$$rtentry$$00000002  c_t.l(rtentry2.o)
    0x000001fc   0x00000008   Code   RO          234    .ARM.Collect$$rtentry$$00000004  c_t.l(rtentry4.o)
    0x00000204   0x00000000   Code   RO          224    .ARM.Collect$$rtentry$$00000009  c_t.l(rtentry2.o)
    0x00000204   0x00000004   Code   RO          225    .ARM.Collect$$rtentry$$0000000A  c_t.l(rtentry2.o)
    0x00000208   0x00000000   Code   RO          227    .ARM.Collect$$rtentry$$0000000C  c_t.l(rtentry2.o)
    0x00000208   0x00000028   Code   RO          228    .ARM.Collect$$rtentry$$0000000D  c_t.l(rtentry2.o)
    0x00000230   0x00000004   Ven    RO          270    .ARM.Collect$$rtexit$$00000000  c_t.l(rtexit.o)
    0x00000234   0x00000004   Code   RO          270    .ARM.Collect$$rtexit$$00000000  c_t.l(rtexit.o)
    0x00000238   0x00000000   Code   RO          320    .ARM.Collect$$rtexit$$00000002  c_t.l(rtexit2.o)
    0x00000238   0x00000004   Code   RO          321    .ARM.Collect$$rtexit$$00000003  c_t.l(rtexit2.o)
    0x0000023c   0x00000008   Code   RO          322    .ARM.Collect$$rtexit$$00000004  c_t.l(rtexit2.o)
    0x00000244   0x00000020   Code   RO            4    .text               startup.o
    0x00000264   0x00003c64   Code   RO           11    .text               main.o
    0x00003ec8   0x00000004   Code   RO           67    .text               c_t.l(use_no_semi.o)
    0x00003ecc   0x00000008   Ven    RO           71    .text               c_t.l(noretval__2sprintf.o)
    0x00003ed4   0x00000028   Code   RO           71    .text               c_t.l(noretval__2sprintf.o)
    0x00003efc   0x00000056   Code   RO           79    .text               c_t.l(_printf_pad.o)
    0x00003f52   0x00000002   PAD
    0x00003f54   0x00000008   Ven    RO           81    .text               c_t.l(_printf_dec.o)
    0x00003f5c   0x00000070   Code   RO           81    .text               c_t.l(_printf_dec.o)
    0x00003fcc   0x00000120   Code   RO           91    .text               c_t.l(__printf_wp.o)
    0x000040ec   0x00000008   Ven    RO          105    .text               c_t.l(atoi.o)
    0x000040f4   0x0000001e   Code   RO          105    .text               c_t.l(atoi.o)
    0x00004112   0x00000002   PAD
    0x00004114   0x00000008   Ven    RO          107    .text               c_t.l(strlen.o)
    0x0000411c   0x00000044   Code   RO          107    .text               c_t.l(strlen.o)
    0x00004160   0x00000180   Code   RO          109    .text               c_t.l(aeabi_sdiv.o)
    0x000042e0   0x00000006   Code   RO          125    .text               c_t.l(heapauxi.o)
    0x000042e6   0x00000002   PAD
    0x000042e8   0x00000004   Ven    RO          181    .text               c_t.l(rt_errno_addr_intlibspace.o)
    0x000042ec   0x0000000c   Code   RO          181    .text               c_t.l(rt_errno_addr_intlibspace.o)
    0x000042f8   0x00000008   Ven    RO          183    .text               c_t.l(_rserrno.o)
    0x00004300   0x0000001a   Code   RO          183    .text               c_t.l(_rserrno.o)
    0x0000431a   0x000000ba   Code   RO          185    .text               c_t.l(_printf_intcommon.o)
    0x000043d4   0x00000030   Code   RO          187    .text               c_t.l(_printf_char_common.o)
    0x00004404   0x0000000a   Code   RO          189    .text               c_t.l(_sputc.o)
    0x0000440e   0x00000002   PAD
    0x00004410   0x00000074   Code   RO          192    .text               c_t.l(strtol.o)
    0x00004484   0x00000004   Ven    RO          194    .text               c_t.l(rtudiv10.o)
    0x00004488   0x0000002c   Code   RO          194    .text               c_t.l(rtudiv10.o)
    0x000044b4   0x0000000c   Code   RO          218    .text               c_t.l(libspace.o)
    0x000044c0   0x00000004   Ven    RO          236    .text               c_t.l(rt_ctype_table.o)
    0x000044c4   0x00000018   Code   RO          236    .text               c_t.l(rt_ctype_table.o)
    0x000044dc   0x000000ac   Code   RO          244    .text               c_t.l(_strtoul.o)
    0x00004588   0x00000060   Code   RO          248    .text               c_t.l(sys_stackheap_outer.o)
    0x000045e8   0x00000004   Ven    RO          253    .text               c_t.l(rt_locale_intlibspace.o)
    0x000045ec   0x0000000c   Code   RO          253    .text               c_t.l(rt_locale_intlibspace.o)
    0x000045f8   0x0000001e   Code   RO          255    .text               c_t.l(_chval.o)
    0x00004616   0x0000000c   Code   RO          260    .text               c_t.l(exit.o)
    0x00004622   0x00000002   PAD
    0x00004624   0x000000a0   Code   RO          272    .text               c_t.l(strcmp.o)
    0x000046c4   0x0000000c   Code   RO          329    .text               c_t.l(rt_fp_status_addr_intlibspace.o)
    0x000046d0   0x00000024   Code   RO          110    .text_udiv          c_t.l(aeabi_sdiv.o)
    0x000046f4   0x00000002   Code   RO           77    i.__ARM_common_call_via_r1  c_t.l(__printf.o)
    0x000046f6   0x00000002   Code   RO           75    i.__ARM_common_call_via_r2  c_t.l(__printf.o)
    0x000046f8   0x00000030   Code   RO          213    i.__ARM_fpclassify  m_ts.l(fpclassify.o)
    0x00004728   0x00000100   Code   RO          215    i.__kernel_poly     m_ts.l(poly.o)
    0x00004828   0x00000014   Code   RO          211    i.__mathlib_dbl_underflow  m_ts.l(dunder.o)
    0x0000483c   0x0000000e   Code   RO           93    i._is_digit         c_t.l(__printf_wp.o)
    0x0000484a   0x00000002   PAD
    0x0000484c   0x00000ef4   Code   RO          156    i.pow               m_ts.l(pow.o)
    0x00005740   0x00000070   Code   RO          166    i.sqrt              m_ts.l(sqrt.o)
    0x000057b0   0x00000004   Ven    RO          258    locale$$code        c_t.l(lc_ctype_c.o)
    0x000057b4   0x00000050   Code   RO          258    locale$$code        c_t.l(lc_ctype_c.o)
    0x00005804   0x00000154   Code   RO          129    x$fpl$dadd          fz_ts.l(daddsub_noclz.o)
    0x00005958   0x00000010   Code   RO          246    x$fpl$dcheck1       fz_ts.l(dcheck1.o)
    0x00005968   0x0000001c   Code   RO          196    x$fpl$dcmpinf       fz_ts.l(dcmpi.o)
    0x00005984   0x000002e0   Code   RO          136    x$fpl$ddiv          fz_ts.l(ddiv.o)
    0x00005c64   0x00000094   Code   RO          139    x$fpl$deqf          fz_ts.l(deqf.o)
    0x00005cf8   0x00000070   Code   RO          141    x$fpl$dfix          fz_ts.l(dfix.o)
    0x00005d68   0x00000070   Code   RO          145    x$fpl$dfixu         fz_ts.l(dfixu.o)
    0x00005dd8   0x00000058   Code   RO          150    x$fpl$dflt          fz_ts.l(dflt_noclz.o)
    0x00005e30   0x0000000c   Code   RO          149    x$fpl$dfltu         fz_ts.l(dflt_noclz.o)
    0x00005e3c   0x00000094   Code   RO          198    x$fpl$dleqf         fz_ts.l(dleqf.o)
    0x00005ed0   0x00000180   Code   RO          153    x$fpl$dmul          fz_ts.l(dmul.o)
    0x00006050   0x000000c0   Code   RO          200    x$fpl$dnaninf       fz_ts.l(dnaninf.o)
    0x00006110   0x00000010   Code   RO          202    x$fpl$dretinf       fz_ts.l(dretinf.o)
    0x00006120   0x0000008c   Code   RO          204    x$fpl$drleqf        fz_ts.l(drleqf.o)
    0x000061ac   0x00000018   Code   RO          130    x$fpl$drsb          fz_ts.l(daddsub_noclz.o)
    0x000061c4   0x00000208   Code   RO          206    x$fpl$dsqrt         fz_ts.l(dsqrt_noumaal.o)
    0x000063cc   0x00000244   Code   RO          131    x$fpl$dsub          fz_ts.l(daddsub_noclz.o)
    0x00006610   0x00000004   Ven    RO          315    x$fpl$fpinit        fz_ts.l(fpinit.o)
    0x00006614   0x00000018   Code   RO          315    x$fpl$fpinit        fz_ts.l(fpinit.o)
    0x0000662c   0x00000074   Code   RO          268    x$fpl$retnan        fz_ts.l(retnan.o)
    0x000066a0   0x00000068   Code   RO          208    x$fpl$scalbn        fz_ts.l(scalbn.o)
    0x00006708   0x0000003c   Code   RO          317    x$fpl$trapveneer    fz_ts.l(trapv.o)
    0x00006744   0x00000000   Code   RO          210    x$fpl$usenofp       fz_ts.l(usenofp.o)
    0x00006744   0x00000004   PAD
    0x00006748   0x00000088   Data   RO          157    .constdata          m_ts.l(pow.o)
    0x000067d0   0x00000008   Data   RO          217    .constdata          m_ts.l(qnan.o)
    0x000067d8   0x00000020   Data   RO          389    Region$$Table       anon$$obj.o
    0x000067f8   0x00000110   Data   RO          257    locale$$data        c_t.l(lc_ctype_c.o)


    Execution Region RW_IRAM1 (Base: 0x40000000, Size: 0x00000538, Max: 0x00008000, ABSOLUTE)

    Base Addr    Size         Type   Attr      Idx    E Section Name        Object

    0x40000000   0x0000004c   Data   RW           14    .data               main.o
    0x4000004c   0x00000060   Zero   RW          219    .bss                c_t.l(libspace.o)
    0x400000ac   0x00000004   PAD
    0x400000b0   0x00000000   Zero   RW            2    HEAP                startup.o
    0x400000b0   0x00000488   Zero   RW            1    STACK               startup.o


==============================================================================

Image component sizes


      Code (inc. data)   RO Data    RW Data    ZI Data      Debug   Object Name

     15460        620          0         76          0      35617   main.o
       304         60          0          0       1160        556   startup.o

    ----------------------------------------------------------------------
     15764        680         32         76       1160      36173   Object Totals
         0          0         32          0          0          0   (incl. Generated)
         0          0          0          0          0          0   (incl. Padding)

    ----------------------------------------------------------------------

      Code (inc. data)   RO Data    RW Data    ZI Data      Debug   Library Member Name

         8          0          0          0          0         68   __main.o
         4          0          0          0          0        120   __printf.o
       302          0          0          0          0        152   __printf_wp.o
        60          8          0          0          0          0   __scatter.o
        40          0          0          0          0          0   __scatter_copy.o
        44          0          0          0          0          0   __scatter_zi.o
        30          0          0          0          0         60   _chval.o
        48          4          0          0          0         96   _printf_char_common.o
         8          0          0          0          0          0   _printf_d.o
       120         18          0          0          0         88   _printf_dec.o
       186          0          0          0          0        100   _printf_intcommon.o
        86          0          0          0          0        116   _printf_pad.o
         4          0          0          0          0          0   _printf_percent.o
         8          0          0          0          0          0   _printf_percent_end.o
        34          0          0          0          0        104   _rserrno.o
        10          0          0          0          0         60   _sputc.o
       172          0          0          0          0        100   _strtoul.o
       420          0          0          0          0        148   aeabi_sdiv.o
        38          0          0          0          0         84   atoi.o
        12          0          0          0          0         64   exit.o
         6          0          0          0          0        136   heapauxi.o
        84          8        272          0          0         92   lc_ctype_c.o
        14          0          0          0          0          0   libinit.o
        30          0          0          0          0          0   libinit2.o
        12          0          0          0          0          0   libshutdown.o
         6          0          0          0          0          0   libshutdown2.o
        12          4          0          0         96         68   libspace.o
        48          4          0          0          0         84   noretval__2sprintf.o
        28          4          0          0          0         84   rt_ctype_table.o
        16          4          0          0          0         68   rt_errno_addr_intlibspace.o
        12          4          0          0          0         68   rt_fp_status_addr_intlibspace.o
        16          4          0          0          0         68   rt_locale_intlibspace.o
         0          0          0          0          0          0   rtentry.o
        44          4          0          0          0          0   rtentry2.o
         8          0          0          0          0          0   rtentry4.o
         8          0          0          0          0          0   rtexit.o
        12          0          0          0          0          0   rtexit2.o
        48          0          0          0          0         68   rtudiv10.o
       160          4          0          0          0         80   strcmp.o
        76          4          0          0          0         76   strlen.o
       116          4          0          0          0         92   strtol.o
        96          0          0          0          0         80   sys_stackheap_outer.o
         4          0          0          0          0         68   use_no_semi.o
       944         16          0          0          0        372   daddsub_noclz.o
        16          4          0          0          0         68   dcheck1.o
        28          0          0          0          0         68   dcmpi.o
       736        140          0          0          0        232   ddiv.o
       148          4          0          0          0         92   deqf.o
       112          4          0          0          0         92   dfix.o
       112          4          0          0          0         92   dfixu.o
       100          0          0          0          0        136   dflt_noclz.o
       148          4          0          0          0         92   dleqf.o
       384         16          0          0          0        124   dmul.o
       192          0          0          0          0        108   dnaninf.o
        16          0          0          0          0         68   dretinf.o
       140          0          0          0          0         80   drleqf.o
       520         56          0          0          0        144   dsqrt_noumaal.o
        28          0          0          0          0         80   fpinit.o
       116          0          0          0          0         68   retnan.o
       104          0          0          0          0         68   scalbn.o
        60          0          0          0          0         68   trapv.o
         0          0          0          0          0          0   usenofp.o
        20          0          0          0          0         68   dunder.o
        48          0          0          0          0         68   fpclassify.o
       256          0          0          0          0        116   poly.o
      3828        100        136          0          0        296   pow.o
         0          0          8          0          0          0   qnan.o
       112          0          0          0          0        100   sqrt.o

    ----------------------------------------------------------------------
     10676        426        416          0        100       5192   Library Totals
        18          0          0          0          4          0   (incl. Padding)

    ----------------------------------------------------------------------

      Code (inc. data)   RO Data    RW Data    ZI Data      Debug   Library Name

      2490         78        272          0         96       2492   c_t.l
      3904        248          0          0          0       2052   fz_ts.l
      4264        100        144          0          0        648   m_ts.l

    ----------------------------------------------------------------------
     10676        426        416          0        100       5192   Library Totals

    ----------------------------------------------------------------------

==============================================================================


      Code (inc. data)   RO Data    RW Data    ZI Data      Debug   

     26440       1106        448         76       1260      38641   Grand Totals
     26440       1106        448         76       1260      38641   ELF Image Totals
     26440       1106        448         76          0          0   ROM Totals

==============================================================================

    Total RO  Size (Code + RO Data)                26888 (  26.26kB)
    Total RW  Size (RW Data + ZI Data)              1336 (   1.30kB)
    Total ROM Size (Code + RO Data + RW Data)      26964 (  26.33kB)

==============================================================================

